<html>
<body>
<pre>
<h1>礦ision Build Log</h1>
<h2>Tool Versions:</h2>
IDE-Version: μVision V5.18.0.0
Copyright (C) 2016 ARM Ltd and ARM Germany GmbH. All rights reserved.
License Information: 1 1, 1, LIC=LJWAR-KBQK6-XAJDC-7EW5F-XRR7R-EIXX0
 
Tool Versions:
Toolchain:       MDK-ARM Professional  Version: 5.18
Toolchain Path:  D:\keilARM\ARM\ARMCC\Bin
C Compiler:      Armcc.exe V5.06 update 1 (build 61)
Assembler:       Armasm.exe V5.06 update 1 (build 61)
Linker/Locator:  ArmLink.exe V5.06 update 1 (build 61)
Library Manager: ArmAr.exe V5.06 update 1 (build 61)
Hex Converter:   FromElf.exe V5.06 update 1 (build 61)
CPU DLL:         SARMCM3.DLL V5.18
Dialog DLL:      DARMSTM.DLL V1.65.0.0
Target DLL:      STLink\ST-LINKIII-KEIL_SWO.dll V2.0.18.0
Dialog DLL:      TARMSTM.DLL   V1.64.0.0
 
<h2>Project:</h2>
F:\【项目】\【项目-已完成】跳频滤波器自动测试\【控制器代码】STM32中继器\USER\Template.uvprojx
Project File Date:  04/23/2019

<h2>Output:</h2>
*** Using Compiler 'V5.06 update 1 (build 61)', folder: 'D:\keilARM\ARM\ARMCC\Bin'
Build target 'Template'
compiling main.c...
..\HARDWARE\JVTWB\JVTWB.h(27): warning:  #1295-D: Deprecated declaration ParaDataLine_OUT - give arg types
  void ParaDataLine_OUT();
..\HARDWARE\JVTWB\JVTWB.h(28): warning:  #1295-D: Deprecated declaration ParaDataLine_IN - give arg types
  void ParaDataLine_IN();
..\HARDWARE\JVTWB\JVTWB.h(33): warning:  #1-D: last line of file ends without a newline
  #endif
main.c: 3 warnings, 0 errors
linking...
Program Size: Code=14764 RO-data=468 RW-data=360 ZI-data=5992  
FromELF: creating hex file...
"..\OBJ\Template.axf" - 0 Error(s), 3 Warning(s).

<h2>Collection of Component include folders:</h2>
  F:\【项目】\【项目-已完成】跳频滤波器自动测试\【控制器代码】STM32中继器\USER\RTE
  D:\keilARM\ARM\PACK\Keil\STM32F1xx_DFP\1.0.5\Device\Include

<h2>Collection of Component Files used:</h2>
Build Time Elapsed:  00:00:02
</pre>
</body>
</html>
