Component: ARM Compiler 5.06 update 1 (build 61) Tool: armlink [4d35a8]

==============================================================================

Section Cross References

    main.o(.text) refers to stm32f10x_rcc.o(.text) for RCC_APB2PeriphClockCmd
    main.o(.text) refers to stm32f10x_gpio.o(.text) for GPIO_PinRemapConfig
    main.o(.text) refers to delay.o(.text) for delay_init
    main.o(.text) refers to misc.o(.text) for NVIC_PriorityGroupConfig
    main.o(.text) refers to usart.o(.text) for uart_init
    main.o(.text) refers to led.o(.text) for LED_Init
    main.o(.text) refers to jvtwb.o(.text) for JVTWB_Init
    main.o(.text) refers to hw_config.o(.text) for USB_Port_Set
    main.o(.text) refers to usb_init.o(.text) for USB_Init
    main.o(.text) refers to noretval__2printf.o(.text) for __2printf
    main.o(.text) refers to usb_mem.o(.text) for UserToPMABufferCopy
    main.o(.text) refers to usb_regs.o(.text) for SetEPTxCount
    main.o(.text) refers to main.o(.data) for rec_data
    main.o(.text) refers to usb_endp.o(.data) for HID_Buf
    main.o(.text) refers to main.o(.bss) for DownloadData
    system_stm32f10x.o(.text) refers to system_stm32f10x.o(.data) for SystemCoreClock
    startup_stm32f10x_hd.o(STACK) refers (Special) to heapauxi.o(.text) for __use_two_region_memory
    startup_stm32f10x_hd.o(HEAP) refers (Special) to heapauxi.o(.text) for __use_two_region_memory
    startup_stm32f10x_hd.o(RESET) refers (Special) to heapauxi.o(.text) for __use_two_region_memory
    startup_stm32f10x_hd.o(RESET) refers to startup_stm32f10x_hd.o(STACK) for __initial_sp
    startup_stm32f10x_hd.o(RESET) refers to startup_stm32f10x_hd.o(.text) for Reset_Handler
    startup_stm32f10x_hd.o(RESET) refers to stm32f10x_it.o(.text) for NMI_Handler
    startup_stm32f10x_hd.o(RESET) refers to hw_config.o(.text) for USB_LP_CAN1_RX0_IRQHandler
    startup_stm32f10x_hd.o(RESET) refers to usart.o(.text) for USART3_IRQHandler
    startup_stm32f10x_hd.o(.text) refers (Special) to heapauxi.o(.text) for __use_two_region_memory
    startup_stm32f10x_hd.o(.text) refers to system_stm32f10x.o(.text) for SystemInit
    startup_stm32f10x_hd.o(.text) refers to __main.o(!!!main) for __main
    startup_stm32f10x_hd.o(.text) refers to startup_stm32f10x_hd.o(HEAP) for Heap_Mem
    startup_stm32f10x_hd.o(.text) refers to startup_stm32f10x_hd.o(STACK) for Stack_Mem
    stm32f10x_adc.o(.text) refers to stm32f10x_rcc.o(.text) for RCC_APB2PeriphResetCmd
    stm32f10x_bkp.o(.text) refers to stm32f10x_rcc.o(.text) for RCC_BackupResetCmd
    stm32f10x_can.o(.text) refers to stm32f10x_rcc.o(.text) for RCC_APB1PeriphResetCmd
    stm32f10x_cec.o(.text) refers to stm32f10x_rcc.o(.text) for RCC_APB1PeriphResetCmd
    stm32f10x_dac.o(.text) refers to stm32f10x_rcc.o(.text) for RCC_APB1PeriphResetCmd
    stm32f10x_gpio.o(.text) refers to stm32f10x_rcc.o(.text) for RCC_APB2PeriphResetCmd
    stm32f10x_i2c.o(.text) refers to stm32f10x_rcc.o(.text) for RCC_APB1PeriphResetCmd
    stm32f10x_pwr.o(.text) refers to stm32f10x_rcc.o(.text) for RCC_APB1PeriphResetCmd
    stm32f10x_rcc.o(.text) refers to stm32f10x_rcc.o(.data) for APBAHBPrescTable
    stm32f10x_spi.o(.text) refers to stm32f10x_rcc.o(.text) for RCC_APB2PeriphResetCmd
    stm32f10x_tim.o(.text) refers to stm32f10x_rcc.o(.text) for RCC_APB2PeriphResetCmd
    stm32f10x_usart.o(.text) refers to stm32f10x_rcc.o(.text) for RCC_APB2PeriphResetCmd
    stm32f10x_wwdg.o(.text) refers to stm32f10x_rcc.o(.text) for RCC_APB1PeriphResetCmd
    led.o(.text) refers to stm32f10x_rcc.o(.text) for RCC_APB2PeriphClockCmd
    led.o(.text) refers to stm32f10x_gpio.o(.text) for GPIO_Init
    jvtwb.o(.text) refers to stm32f10x_rcc.o(.text) for RCC_APB2PeriphClockCmd
    jvtwb.o(.text) refers to stm32f10x_gpio.o(.text) for GPIO_Init
    jvtwb.o(.text) refers to delay.o(.text) for delay_us
    delay.o(.text) refers to misc.o(.text) for SysTick_CLKSourceConfig
    delay.o(.text) refers to system_stm32f10x.o(.data) for SystemCoreClock
    delay.o(.text) refers to delay.o(.data) for fac_us
    usart.o(.text) refers to stm32f10x_rcc.o(.text) for RCC_APB2PeriphClockCmd
    usart.o(.text) refers to stm32f10x_gpio.o(.text) for GPIO_Init
    usart.o(.text) refers to misc.o(.text) for NVIC_Init
    usart.o(.text) refers to stm32f10x_usart.o(.text) for USART_Init
    usart.o(.text) refers to usart.o(.data) for USART_RX_STA
    usart.o(.text) refers to usart.o(.bss) for USART_RX_BUF
    usb_core.o(.text) refers to usb_regs.o(.text) for ClearDTOG_TX
    usb_core.o(.text) refers to usb_init.o(.data) for pInformation
    usb_core.o(.text) refers to usb_prop.o(.data) for Device_Table
    usb_core.o(.text) refers to usb_core.o(.data) for StatusInfo
    usb_core.o(.text) refers to usb_mem.o(.text) for PMAToUserBufferCopy
    usb_core.o(.text) refers to usb_int.o(.data) for SaveRState
    usb_init.o(.text) refers to usb_init.o(.bss) for Device_Info
    usb_init.o(.text) refers to usb_init.o(.data) for pInformation
[...]
    _printf_char_file.o(.text) refers to usart.o(.text) for fputc
    __rtentry2.o(.ARM.Collect$$rtentry$$00000008) refers to boardinit2.o(.text) for _platform_post_stackheap_init
    __rtentry2.o(.ARM.Collect$$rtentry$$0000000A) refers to libinit.o(.ARM.Collect$$libinit$$00000000) for __rt_lib_init
    __rtentry2.o(.ARM.Collect$$rtentry$$0000000B) refers to boardinit3.o(.text) for _platform_post_lib_init
    __rtentry2.o(.ARM.Collect$$rtentry$$0000000D) refers to main.o(.text) for main
    __rtentry2.o(.ARM.Collect$$rtentry$$0000000D) refers to exit.o(.text) for exit
    __rtentry2.o(.ARM.exidx) refers to __rtentry2.o(.ARM.Collect$$rtentry$$00000001) for .ARM.Collect$$rtentry$$00000001
    __rtentry2.o(.ARM.exidx) refers to __rtentry2.o(.ARM.Collect$$rtentry$$00000008) for .ARM.Collect$$rtentry$$00000008
    __rtentry2.o(.ARM.exidx) refers to __rtentry2.o(.ARM.Collect$$rtentry$$0000000A) for .ARM.Collect$$rtentry$$0000000A
    __rtentry2.o(.ARM.exidx) refers to __rtentry2.o(.ARM.Collect$$rtentry$$0000000B) for .ARM.Collect$$rtentry$$0000000B
    __rtentry2.o(.ARM.exidx) refers to __rtentry2.o(.ARM.Collect$$rtentry$$0000000D) for .ARM.Collect$$rtentry$$0000000D
    __rtentry4.o(.ARM.Collect$$rtentry$$00000004) refers to sys_stackheap_outer.o(.text) for __user_setup_stackheap
    __rtentry4.o(.ARM.exidx) refers to __rtentry4.o(.ARM.Collect$$rtentry$$00000004) for .ARM.Collect$$rtentry$$00000004
    _printf_char_common.o(.text) refers to __printf_nopercent.o(.text) for __printf
    sys_stackheap_outer.o(.text) refers to libspace.o(.text) for __user_perproc_libspace
    sys_stackheap_outer.o(.text) refers to startup_stm32f10x_hd.o(.text) for __user_initial_stackheap
    exit.o(.text) refers to rtexit.o(.ARM.Collect$$rtexit$$00000000) for __rt_exit
    libinit.o(.ARM.Collect$$libinit$$00000000) refers (Special) to libinit2.o(.ARM.Collect$$libinit$$0000002E) for __rt_lib_init_alloca_1
    libinit.o(.ARM.Collect$$libinit$$00000000) refers (Special) to libinit2.o(.ARM.Collect$$libinit$$0000002C) for __rt_lib_init_argv_1
    libinit.o(.ARM.Collect$$libinit$$00000000) refers (Special) to libinit2.o(.ARM.Collect$$libinit$$0000001B) for __rt_lib_init_atexit_1
    libinit.o(.ARM.Collect$$libinit$$00000000) refers (Special) to libinit2.o(.ARM.Collect$$libinit$$00000021) for __rt_lib_init_clock_1
    libinit.o(.ARM.Collect$$libinit$$00000000) refers (Special) to libinit2.o(.ARM.Collect$$libinit$$00000032) for __rt_lib_init_cpp_1
    libinit.o(.ARM.Collect$$libinit$$00000000) refers (Special) to libinit2.o(.ARM.Collect$$libinit$$00000030) for __rt_lib_init_exceptions_1
    libinit.o(.ARM.Collect$$libinit$$00000000) refers (Special) to libinit2.o(.ARM.Collect$$libinit$$00000002) for __rt_lib_init_fp_1
    libinit.o(.ARM.Collect$$libinit$$00000000) refers (Special) to libinit2.o(.ARM.Collect$$libinit$$0000001F) for __rt_lib_init_fp_trap_1
    libinit.o(.ARM.Collect$$libinit$$00000000) refers (Special) to libinit2.o(.ARM.Collect$$libinit$$00000023) for __rt_lib_init_getenv_1
    libinit.o(.ARM.Collect$$libinit$$00000000) refers (Special) to libinit2.o(.ARM.Collect$$libinit$$0000000A) for __rt_lib_init_heap_1
    libinit.o(.ARM.Collect$$libinit$$00000000) refers (Special) to libinit2.o(.ARM.Collect$$libinit$$00000011) for __rt_lib_init_lc_collate_1
    libinit.o(.ARM.Collect$$libinit$$00000000) refers (Special) to libinit2.o(.ARM.Collect$$libinit$$00000013) for __rt_lib_init_lc_ctype_1
    libinit.o(.ARM.Collect$$libinit$$00000000) refers (Special) to libinit2.o(.ARM.Collect$$libinit$$00000015) for __rt_lib_init_lc_monetary_1
    libinit.o(.ARM.Collect$$libinit$$00000000) refers (Special) to libinit2.o(.ARM.Collect$$libinit$$00000017) for __rt_lib_init_lc_numeric_1
    libinit.o(.ARM.Collect$$libinit$$00000000) refers (Special) to libinit2.o(.ARM.Collect$$libinit$$00000019) for __rt_lib_init_lc_time_1
    libinit.o(.ARM.Collect$$libinit$$00000000) refers (Special) to libinit2.o(.ARM.Collect$$libinit$$00000004) for __rt_lib_init_preinit_1
    libinit.o(.ARM.Collect$$libinit$$00000000) refers (Special) to libinit2.o(.ARM.Collect$$libinit$$0000000E) for __rt_lib_init_rand_1
    libinit.o(.ARM.Collect$$libinit$$00000000) refers (Special) to libinit2.o(.ARM.Collect$$libinit$$00000033) for __rt_lib_init_return
    libinit.o(.ARM.Collect$$libinit$$00000000) refers (Special) to libinit2.o(.ARM.Collect$$libinit$$0000001D) for __rt_lib_init_signal_1
    libinit.o(.ARM.Collect$$libinit$$00000000) refers (Special) to libinit2.o(.ARM.Collect$$libinit$$00000025) for __rt_lib_init_stdio_1
    libinit.o(.ARM.Collect$$libinit$$00000000) refers (Special) to libinit2.o(.ARM.Collect$$libinit$$0000000C) for __rt_lib_init_user_alloc_1
    libspace.o(.text) refers to libspace.o(.bss) for __libspace_start
    rtexit.o(.ARM.Collect$$rtexit$$00000000) refers (Special) to rtexit2.o(.ARM.Collect$$rtexit$$00000004) for __rt_exit_exit
    rtexit.o(.ARM.Collect$$rtexit$$00000000) refers (Special) to rtexit2.o(.ARM.Collect$$rtexit$$00000003) for __rt_exit_ls
    rtexit.o(.ARM.Collect$$rtexit$$00000000) refers (Special) to rtexit2.o(.ARM.Collect$$rtexit$$00000002) for __rt_exit_prels_1
    rtexit.o(.ARM.exidx) refers (Special) to rtexit2.o(.ARM.Collect$$rtexit$$00000004) for __rt_exit_exit
    rtexit.o(.ARM.exidx) refers (Special) to rtexit2.o(.ARM.Collect$$rtexit$$00000003) for __rt_exit_ls
    rtexit.o(.ARM.exidx) refers (Special) to rtexit2.o(.ARM.Collect$$rtexit$$00000002) for __rt_exit_prels_1
    rtexit.o(.ARM.exidx) refers to rtexit.o(.ARM.Collect$$rtexit$$00000000) for .ARM.Collect$$rtexit$$00000000
    libinit2.o(.ARM.Collect$$libinit$$00000010) refers to libinit2.o(.ARM.Collect$$libinit$$0000000F) for .ARM.Collect$$libinit$$0000000F
    libinit2.o(.ARM.Collect$$libinit$$00000012) refers to libinit2.o(.ARM.Collect$$libinit$$0000000F) for .ARM.Collect$$libinit$$0000000F
    libinit2.o(.ARM.Collect$$libinit$$00000014) refers to libinit2.o(.ARM.Collect$$libinit$$0000000F) for .ARM.Collect$$libinit$$0000000F
    libinit2.o(.ARM.Collect$$libinit$$00000016) refers to libinit2.o(.ARM.Collect$$libinit$$0000000F) for .ARM.Collect$$libinit$$0000000F
    libinit2.o(.ARM.Collect$$libinit$$00000018) refers to libinit2.o(.ARM.Collect$$libinit$$0000000F) for .ARM.Collect$$libinit$$0000000F
    libinit2.o(.ARM.Collect$$libinit$$00000026) refers to argv_veneer.o(.emb_text) for __ARM_argv_veneer
    libinit2.o(.ARM.Collect$$libinit$$00000027) refers to argv_veneer.o(.emb_text) for __ARM_argv_veneer
    rtexit2.o(.ARM.Collect$$rtexit$$00000003) refers to libshutdown.o(.ARM.Collect$$libshutdown$$00000000) for __rt_lib_shutdown
    rtexit2.o(.ARM.Collect$$rtexit$$00000004) refers to usart.o(.text) for _sys_exit
    rtexit2.o(.ARM.exidx) refers to rtexit2.o(.ARM.Collect$$rtexit$$00000001) for .ARM.Collect$$rtexit$$00000001
    rtexit2.o(.ARM.exidx) refers to rtexit2.o(.ARM.Collect$$rtexit$$00000003) for .ARM.Collect$$rtexit$$00000003
    rtexit2.o(.ARM.exidx) refers to rtexit2.o(.ARM.Collect$$rtexit$$00000004) for .ARM.Collect$$rtexit$$00000004
    argv_veneer.o(.emb_text) refers to no_argv.o(.text) for __ARM_get_argv
    _get_argv_nomalloc.o(.text) refers (Special) to hrguard.o(.text) for __heap_region$guard
    _get_argv_nomalloc.o(.text) refers to defsig_rtmem_outer.o(.text) for __rt_SIGRTMEM
    _get_argv_nomalloc.o(.text) refers to sys_command.o(.text) for _sys_command_string
    libshutdown.o(.ARM.Collect$$libshutdown$$00000000) refers (Special) to libshutdown2.o(.ARM.Collect$$libshutdown$$00000002) for __rt_lib_shutdown_cpp_1
    libshutdown.o(.ARM.Collect$$libshutdown$$00000000) refers (Special) to libshutdown2.o(.ARM.Collect$$libshutdown$$00000007) for __rt_lib_shutdown_fp_trap_1
    libshutdown.o(.ARM.Collect$$libshutdown$$00000000) refers (Special) to libshutdown2.o(.ARM.Collect$$libshutdown$$0000000F) for __rt_lib_shutdown_heap_1
    libshutdown.o(.ARM.Collect$$libshutdown$$00000000) refers (Special) to libshutdown2.o(.ARM.Collect$$libshutdown$$00000010) for __rt_lib_shutdown_return
    libshutdown.o(.ARM.Collect$$libshutdown$$00000000) refers (Special) to libshutdown2.o(.ARM.Collect$$libshutdown$$0000000A) for __rt_lib_shutdown_signal_1
    libshutdown.o(.ARM.Collect$$libshutdown$$00000000) refers (Special) to libshutdown2.o(.ARM.Collect$$libshutdown$$00000004) for __rt_lib_shutdown_stdio_1
    libshutdown.o(.ARM.Collect$$libshutdown$$00000000) refers (Special) to libshutdown2.o(.ARM.Collect$$libshutdown$$0000000C) for __rt_lib_shutdown_user_alloc_1
    sys_command.o(.text) refers (Special) to use_no_semi.o(.text) for __I$use$semihosting
    sys_command.o(.text) refers (Special) to indicate_semi.o(.text) for __semihosting_library_function
    defsig_rtmem_outer.o(.text) refers to defsig_rtmem_inner.o(.text) for __rt_SIGRTMEM_inner
    defsig_rtmem_outer.o(.text) refers to defsig_exit.o(.text) for __sig_exit
    defsig_rtmem_formal.o(.text) refers to rt_raise.o(.text) for __rt_raise
    rt_raise.o(.text) refers to __raise.o(.text) for __raise
    rt_raise.o(.text) refers to usart.o(.text) for _sys_exit
    defsig_exit.o(.text) refers to usart.o(.text) for _sys_exit
    defsig_rtmem_inner.o(.text) refers to defsig_general.o(.text) for __default_signal_display
    __raise.o(.text) refers to defsig.o(CL$$defsig) for __default_signal_handler
    defsig_general.o(.text) refers to sys_wrch.o(.text) for _ttywrch
    sys_wrch.o(.text) refers (Special) to use_no_semi.o(.text) for __I$use$semihosting
    sys_wrch.o(.text) refers (Special) to indicate_semi.o(.text) for __semihosting_library_function
    defsig.o(CL$$defsig) refers to defsig_rtmem_inner.o(.text) for __rt_SIGRTMEM_inner
    defsig_abrt_inner.o(.text) refers to defsig_general.o(.text) for __default_signal_display
    defsig_fpe_inner.o(.text) refers to defsig_general.o(.text) for __default_signal_display
    defsig_rtred_inner.o(.text) refers to defsig_general.o(.text) for __default_signal_display
    defsig_stak_inner.o(.text) refers to defsig_general.o(.text) for __default_signal_display
    defsig_pvfn_inner.o(.text) refers to defsig_general.o(.text) for __default_signal_display
    defsig_cppl_inner.o(.text) refers to defsig_general.o(.text) for __default_signal_display
    defsig_segv_inner.o(.text) refers to defsig_general.o(.text) for __default_signal_display
    defsig_other.o(.text) refers to defsig_general.o(.text) for __default_signal_display


==============================================================================

Removing Unused input sections from the image.

    Removing core_cm3.o(.emb_text), (32 bytes).
    Removing stm32f10x_adc.o(.text), (1102 bytes).
    Removing stm32f10x_bkp.o(.text), (196 bytes).
    Removing stm32f10x_can.o(.text), (2544 bytes).
    Removing stm32f10x_cec.o(.text), (288 bytes).
    Removing stm32f10x_crc.o(.text), (72 bytes).
    Removing stm32f10x_dac.o(.text), (396 bytes).
    Removing stm32f10x_dbgmcu.o(.text), (48 bytes).
    Removing stm32f10x_dma.o(.text), (596 bytes).
    Removing stm32f10x_flash.o(.text), (1468 bytes).
    Removing stm32f10x_fsmc.o(.text), (1548 bytes).
    Removing stm32f10x_i2c.o(.text), (1028 bytes).
    Removing stm32f10x_iwdg.o(.text), (64 bytes).
    Removing stm32f10x_pwr.o(.text), (204 bytes).
    Removing stm32f10x_rtc.o(.text), (328 bytes).
    Removing stm32f10x_sdio.o(.text), (468 bytes).
    Removing stm32f10x_spi.o(.text), (780 bytes).
    Removing stm32f10x_tim.o(.text), (3610 bytes).
    Removing stm32f10x_wwdg.o(.text), (136 bytes).
    Removing sys.o(.emb_text), (6 bytes).
    Removing sys.o(.text), (12 bytes).
    Removing hw_config.o(.data), (1 bytes).

22 unused section(s) (total 14927 bytes) removed from the image.

==============================================================================

Image Symbol Table

    Local Symbols

    Symbol Name                              Value     Ov Type        Size  Object(Section)

    ../clib/angel/boardlib.s                 0x00000000   Number         0  boardinit1.o ABSOLUTE
    ../clib/angel/boardlib.s                 0x00000000   Number         0  boardinit2.o ABSOLUTE
    ../clib/angel/boardlib.s                 0x00000000   Number         0  boardinit3.o ABSOLUTE
    ../clib/angel/boardlib.s                 0x00000000   Number         0  boardshut.o ABSOLUTE
    ../clib/angel/dczerorl2.s                0x00000000   Number         0  __dczerorl2.o ABSOLUTE
    ../clib/angel/handlers.s                 0x00000000   Number         0  __scatter_zi.o ABSOLUTE
    ../clib/angel/kernel.s                   0x00000000   Number         0  __rtentry.o ABSOLUTE
    ../clib/angel/kernel.s                   0x00000000   Number         0  __rtentry4.o ABSOLUTE
    ../clib/angel/kernel.s                   0x00000000   Number         0  __rtentry2.o ABSOLUTE
    ../clib/angel/kernel.s                   0x00000000   Number         0  rtexit.o ABSOLUTE
    ../clib/angel/kernel.s                   0x00000000   Number         0  rtexit2.o ABSOLUTE
    ../clib/angel/rt.s                       0x00000000   Number         0  rt_raise.o ABSOLUTE
    ../clib/angel/scatter.s                  0x00000000   Number         0  __scatter.o ABSOLUTE
    ../clib/angel/startup.s                  0x00000000   Number         0  __main.o ABSOLUTE
    ../clib/angel/sys.s                      0x00000000   Number         0  sys_stackheap_outer.o ABSOLUTE
    ../clib/angel/sys.s                      0x00000000   Number         0  use_no_semi.o ABSOLUTE
    ../clib/angel/sys.s                      0x00000000   Number         0  libspace.o ABSOLUTE
    ../clib/angel/sys.s                      0x00000000   Number         0  indicate_semi.o ABSOLUTE
    ../clib/angel/sysapp.c                   0x00000000   Number         0  sys_wrch.o ABSOLUTE
    ../clib/angel/sysapp.c                   0x00000000   Number         0  sys_command.o ABSOLUTE
    ../clib/armsys.c                         0x00000000   Number         0  argv_veneer.o ABSOLUTE
    ../clib/armsys.c                         0x00000000   Number         0  argv_veneer.o ABSOLUTE
    ../clib/armsys.c                         0x00000000   Number         0  _get_argv_nomalloc.o ABSOLUTE
    ../clib/armsys.c                         0x00000000   Number         0  no_argv.o ABSOLUTE
    ../clib/heapalloc.c                      0x00000000   Number         0  hrguard.o ABSOLUTE
    ../clib/heapaux.c                        0x00000000   Number         0  heapauxi.o ABSOLUTE
    ../clib/libinit.s                        0x00000000   Number         0  libshutdown2.o ABSOLUTE
    ../clib/libinit.s                        0x00000000   Number         0  libinit.o ABSOLUTE
    ../clib/libinit.s                        0x00000000   Number         0  libinit2.o ABSOLUTE
    ../clib/libinit.s                        0x00000000   Number         0  libshutdown.o ABSOLUTE
    ../clib/printf.c                         0x00000000   Number         0  _printf_char_common.o ABSOLUTE
    ../clib/printf.c                         0x00000000   Number         0  __printf_nopercent.o ABSOLUTE
    ../clib/printf.c                         0x00000000   Number         0  noretval__2printf.o ABSOLUTE
    ../clib/printf.c                         0x00000000   Number         0  _printf_char_file.o ABSOLUTE
    ../clib/printf.c                         0x00000000   Number         0  __2printf.o ABSOLUTE
    ../clib/signal.c                         0x00000000   Number         0  defsig_rtmem_inner.o ABSOLUTE
    ../clib/signal.c                         0x00000000   Number         0  defsig_exit.o ABSOLUTE
    ../clib/signal.c                         0x00000000   Number         0  defsig_rtmem_formal.o ABSOLUTE
    ../clib/signal.c                         0x00000000   Number         0  defsig_rtmem_outer.o ABSOLUTE
    ../clib/signal.c                         0x00000000   Number         0  defsig_segv_inner.o ABSOLUTE
    ../clib/signal.c                         0x00000000   Number         0  __raise.o ABSOLUTE
    ../clib/signal.c                         0x00000000   Number         0  defsig_cppl_inner.o ABSOLUTE
    ../clib/signal.c                         0x00000000   Number         0  defsig_pvfn_inner.o ABSOLUTE
    ../clib/signal.c                         0x00000000   Number         0  defsig_stak_inner.o ABSOLUTE
    ../clib/signal.c                         0x00000000   Number         0  defsig_rtred_inner.o ABSOLUTE
    ../clib/signal.c                         0x00000000   Number         0  defsig_fpe_inner.o ABSOLUTE
    ../clib/signal.c                         0x00000000   Number         0  defsig_other.o ABSOLUTE
    ../clib/signal.c                         0x00000000   Number         0  defsig_abrt_inner.o ABSOLUTE
    ../clib/signal.c                         0x00000000   Number         0  defsig_general.o ABSOLUTE
    ../clib/signal.s                         0x00000000   Number         0  defsig.o ABSOLUTE
    ../clib/stdio.c                          0x00000000   Number         0  ferror_locked.o ABSOLUTE
    ../clib/stdio.c                          0x00000000   Number         0  ferror.o ABSOLUTE
    ../clib/stdlib.c                         0x00000000   Number         0  exit.o ABSOLUTE
    ../fplib/fpinit.s                        0x00000000   Number         0  fpinit.o ABSOLUTE
    ..\CORE\core_cm3.c                       0x00000000   Number         0  core_cm3.o ABSOLUTE
    ..\CORE\startup_stm32f10x_hd.s           0x00000000   Number         0  startup_stm32f10x_hd.o ABSOLUTE
    ..\HARDWARE\JVTWB\JVTWB.c                0x00000000   Number         0  jvtwb.o ABSOLUTE
    ..\HARDWARE\LED\led.c                    0x00000000   Number         0  led.o ABSOLUTE
    ..\STM32F10x_FWLib\src\misc.c            0x00000000   Number         0  misc.o ABSOLUTE
    ..\STM32F10x_FWLib\src\stm32f10x_adc.c   0x00000000   Number         0  stm32f10x_adc.o ABSOLUTE
    ..\STM32F10x_FWLib\src\stm32f10x_bkp.c   0x00000000   Number         0  stm32f10x_bkp.o ABSOLUTE
    ..\STM32F10x_FWLib\src\stm32f10x_can.c   0x00000000   Number         0  stm32f10x_can.o ABSOLUTE
    ..\STM32F10x_FWLib\src\stm32f10x_cec.c   0x00000000   Number         0  stm32f10x_cec.o ABSOLUTE
    ..\STM32F10x_FWLib\src\stm32f10x_crc.c   0x00000000   Number         0  stm32f10x_crc.o ABSOLUTE
    ..\STM32F10x_FWLib\src\stm32f10x_dac.c   0x00000000   Number         0  stm32f10x_dac.o ABSOLUTE
    ..\STM32F10x_FWLib\src\stm32f10x_dbgmcu.c 0x00000000   Number         0  stm32f10x_dbgmcu.o ABSOLUTE
    ..\STM32F10x_FWLib\src\stm32f10x_dma.c   0x00000000   Number         0  stm32f10x_dma.o ABSOLUTE
    ..\STM32F10x_FWLib\src\stm32f10x_exti.c  0x00000000   Number         0  stm32f10x_exti.o ABSOLUTE
    ..\STM32F10x_FWLib\src\stm32f10x_flash.c 0x00000000   Number         0  stm32f10x_flash.o ABSOLUTE
    ..\STM32F10x_FWLib\src\stm32f10x_fsmc.c  0x00000000   Number         0  stm32f10x_fsmc.o ABSOLUTE
    ..\STM32F10x_FWLib\src\stm32f10x_gpio.c  0x00000000   Number         0  stm32f10x_gpio.o ABSOLUTE
    ..\STM32F10x_FWLib\src\stm32f10x_i2c.c   0x00000000   Number         0  stm32f10x_i2c.o ABSOLUTE
    ..\STM32F10x_FWLib\src\stm32f10x_iwdg.c  0x00000000   Number         0  stm32f10x_iwdg.o ABSOLUTE
    ..\STM32F10x_FWLib\src\stm32f10x_pwr.c   0x00000000   Number         0  stm32f10x_pwr.o ABSOLUTE
    ..\STM32F10x_FWLib\src\stm32f10x_rcc.c   0x00000000   Number         0  stm32f10x_rcc.o ABSOLUTE
    ..\STM32F10x_FWLib\src\stm32f10x_rtc.c   0x00000000   Number         0  stm32f10x_rtc.o ABSOLUTE
    ..\STM32F10x_FWLib\src\stm32f10x_sdio.c  0x00000000   Number         0  stm32f10x_sdio.o ABSOLUTE
    ..\STM32F10x_FWLib\src\stm32f10x_spi.c   0x00000000   Number         0  stm32f10x_spi.o ABSOLUTE
    ..\STM32F10x_FWLib\src\stm32f10x_tim.c   0x00000000   Number         0  stm32f10x_tim.o ABSOLUTE
    ..\STM32F10x_FWLib\src\stm32f10x_usart.c 0x00000000   Number         0  stm32f10x_usart.o ABSOLUTE
    ..\STM32F10x_FWLib\src\stm32f10x_wwdg.c  0x00000000   Number         0  stm32f10x_wwdg.o ABSOLUTE
    ..\SYSTEM\delay\delay.c                  0x00000000   Number         0  delay.o ABSOLUTE
    ..\SYSTEM\sys\sys.c                      0x00000000   Number         0  sys.o ABSOLUTE
    ..\SYSTEM\usart\usart.c                  0x00000000   Number         0  usart.o ABSOLUTE
    ..\USB\CONFIG\hw_config.c                0x00000000   Number         0  hw_config.o ABSOLUTE
    ..\USB\CONFIG\usb_desc.c                 0x00000000   Number         0  usb_desc.o ABSOLUTE
    ..\USB\CONFIG\usb_endp.c                 0x00000000   Number         0  usb_endp.o ABSOLUTE
    ..\USB\CONFIG\usb_istr.c                 0x00000000   Number         0  usb_istr.o ABSOLUTE
    ..\USB\CONFIG\usb_prop.c                 0x00000000   Number         0  usb_prop.o ABSOLUTE
    ..\USB\CONFIG\usb_pwr.c                  0x00000000   Number         0  usb_pwr.o ABSOLUTE
    ..\USB\STM32_USB-FS-Device_Driver\src\usb_core.c 0x00000000   Number         0  usb_core.o ABSOLUTE
    ..\USB\STM32_USB-FS-Device_Driver\src\usb_init.c 0x00000000   Number         0  usb_init.o ABSOLUTE
    ..\USB\STM32_USB-FS-Device_Driver\src\usb_int.c 0x00000000   Number         0  usb_int.o ABSOLUTE
    ..\USB\STM32_USB-FS-Device_Driver\src\usb_mem.c 0x00000000   Number         0  usb_mem.o ABSOLUTE
    ..\USB\STM32_USB-FS-Device_Driver\src\usb_regs.c 0x00000000   Number         0  usb_regs.o ABSOLUTE
    ..\USB\STM32_USB-FS-Device_Driver\src\usb_sil.c 0x00000000   Number         0  usb_sil.o ABSOLUTE
    ..\\CORE\\core_cm3.c                     0x00000000   Number         0  core_cm3.o ABSOLUTE
    ..\\SYSTEM\\sys\\sys.c                   0x00000000   Number         0  sys.o ABSOLUTE
    dc.s                                     0x00000000   Number         0  dc.o ABSOLUTE
    main.c                                   0x00000000   Number         0  main.o ABSOLUTE
    stm32f10x_it.c                           0x00000000   Number         0  stm32f10x_it.o ABSOLUTE
    system_stm32f10x.c                       0x00000000   Number         0  system_stm32f10x.o ABSOLUTE
    RESET                                    0x08000000   Section      304  startup_stm32f10x_hd.o(RESET)
    !!!main                                  0x08000130   Section        8  __main.o(!!!main)
    !!!scatter                               0x08000138   Section       52  __scatter.o(!!!scatter)
    !!dczerorl2                              0x0800016c   Section       90  __dczerorl2.o(!!dczerorl2)
    !!handler_zi                             0x080001c8   Section       28  __scatter_zi.o(!!handler_zi)
    .ARM.Collect$$libinit$$00000000          0x080001e4   Section        2  libinit.o(.ARM.Collect$$libinit$$00000000)
    .ARM.Collect$$libinit$$00000002          0x080001e6   Section        0  libinit2.o(.ARM.Collect$$libinit$$00000002)
    .ARM.Collect$$libinit$$00000004          0x080001e6   Section        0  libinit2.o(.ARM.Collect$$libinit$$00000004)
    .ARM.Collect$$libinit$$0000000A          0x080001e6   Section        0  libinit2.o(.ARM.Collect$$libinit$$0000000A)
    .ARM.Collect$$libinit$$0000000C          0x080001e6   Section        0  libinit2.o(.ARM.Collect$$libinit$$0000000C)
    .ARM.Collect$$libinit$$0000000E          0x080001e6   Section        0  libinit2.o(.ARM.Collect$$libinit$$0000000E)
    .ARM.Collect$$libinit$$00000011          0x080001e6   Section        0  libinit2.o(.ARM.Collect$$libinit$$00000011)
    .ARM.Collect$$libinit$$00000013          0x080001e6   Section        0  libinit2.o(.ARM.Collect$$libinit$$00000013)
    .ARM.Collect$$libinit$$00000015          0x080001e6   Section        0  libinit2.o(.ARM.Collect$$libinit$$00000015)
    .ARM.Collect$$libinit$$00000017          0x080001e6   Section        0  libinit2.o(.ARM.Collect$$libinit$$00000017)
    .ARM.Collect$$libinit$$00000019          0x080001e6   Section        0  libinit2.o(.ARM.Collect$$libinit$$00000019)
    .ARM.Collect$$libinit$$0000001B          0x080001e6   Section        0  libinit2.o(.ARM.Collect$$libinit$$0000001B)
    .ARM.Collect$$libinit$$0000001D          0x080001e6   Section        0  libinit2.o(.ARM.Collect$$libinit$$0000001D)
    .ARM.Collect$$libinit$$0000001F          0x080001e6   Section        0  libinit2.o(.ARM.Collect$$libinit$$0000001F)
    .ARM.Collect$$libinit$$00000021          0x080001e6   Section        0  libinit2.o(.ARM.Collect$$libinit$$00000021)
    .ARM.Collect$$libinit$$00000023          0x080001e6   Section        0  libinit2.o(.ARM.Collect$$libinit$$00000023)
    .ARM.Collect$$libinit$$00000025          0x080001e6   Section        0  libinit2.o(.ARM.Collect$$libinit$$00000025)
    .ARM.Collect$$libinit$$0000002C          0x080001e6   Section        0  libinit2.o(.ARM.Collect$$libinit$$0000002C)
    .ARM.Collect$$libinit$$0000002E          0x080001e6   Section        0  libinit2.o(.ARM.Collect$$libinit$$0000002E)
    .ARM.Collect$$libinit$$00000030          0x080001e6   Section        0  libinit2.o(.ARM.Collect$$libinit$$00000030)
    .ARM.Collect$$libinit$$00000032          0x080001e6   Section        0  libinit2.o(.ARM.Collect$$libinit$$00000032)
    .ARM.Collect$$libinit$$00000033          0x080001e6   Section        2  libinit2.o(.ARM.Collect$$libinit$$00000033)
    .ARM.Collect$$libshutdown$$00000000      0x080001e8   Section        2  libshutdown.o(.ARM.Collect$$libshutdown$$00000000)
    .ARM.Collect$$libshutdown$$00000002      0x080001ea   Section        0  libshutdown2.o(.ARM.Collect$$libshutdown$$00000002)
    .ARM.Collect$$libshutdown$$00000004      0x080001ea   Section        0  libshutdown2.o(.ARM.Collect$$libshutdown$$00000004)
    .ARM.Collect$$libshutdown$$00000007      0x080001ea   Section        0  libshutdown2.o(.ARM.Collect$$libshutdown$$00000007)
    .ARM.Collect$$libshutdown$$0000000A      0x080001ea   Section        0  libshutdown2.o(.ARM.Collect$$libshutdown$$0000000A)
    .ARM.Collect$$libshutdown$$0000000C      0x080001ea   Section        0  libshutdown2.o(.ARM.Collect$$libshutdown$$0000000C)
    .ARM.Collect$$libshutdown$$0000000F      0x080001ea   Section        0  libshutdown2.o(.ARM.Collect$$libshutdown$$0000000F)
    .ARM.Collect$$libshutdown$$00000010      0x080001ea   Section        2  libshutdown2.o(.ARM.Collect$$libshutdown$$00000010)
    .ARM.Collect$$rtentry$$00000000          0x080001ec   Section        0  __rtentry.o(.ARM.Collect$$rtentry$$00000000)
    .ARM.Collect$$rtentry$$00000002          0x080001ec   Section        0  __rtentry2.o(.ARM.Collect$$rtentry$$00000002)
    .ARM.Collect$$rtentry$$00000004          0x080001ec   Section        6  __rtentry4.o(.ARM.Collect$$rtentry$$00000004)
    .ARM.Collect$$rtentry$$00000009          0x080001f2   Section        0  __rtentry2.o(.ARM.Collect$$rtentry$$00000009)
    .ARM.Collect$$rtentry$$0000000A          0x080001f2   Section        4  __rtentry2.o(.ARM.Collect$$rtentry$$0000000A)
    .ARM.Collect$$rtentry$$0000000C          0x080001f6   Section        0  __rtentry2.o(.ARM.Collect$$rtentry$$0000000C)
    .ARM.Collect$$rtentry$$0000000D          0x080001f6   Section        8  __rtentry2.o(.ARM.Collect$$rtentry$$0000000D)
    .ARM.Collect$$rtexit$$00000000           0x080001fe   Section        2  rtexit.o(.ARM.Collect$$rtexit$$00000000)
    .ARM.Collect$$rtexit$$00000002           0x08000200   Section        0  rtexit2.o(.ARM.Collect$$rtexit$$00000002)
    .ARM.Collect$$rtexit$$00000003           0x08000200   Section        4  rtexit2.o(.ARM.Collect$$rtexit$$00000003)
    .ARM.Collect$$rtexit$$00000004           0x08000204   Section        6  rtexit2.o(.ARM.Collect$$rtexit$$00000004)
    .text                                    0x0800020c   Section        0  main.o(.text)
    .text                                    0x08000514   Section        0  stm32f10x_it.o(.text)
    .text                                    0x08000530   Section        0  system_stm32f10x.o(.text)
    SetSysClockTo72                          0x08000531   Thumb Code   214  system_stm32f10x.o(.text)
    SetSysClock                              0x08000607   Thumb Code     8  system_stm32f10x.o(.text)
    .text                                    0x08000710   Section       64  startup_stm32f10x_hd.o(.text)
    .text                                    0x08000750   Section        0  misc.o(.text)
    .text                                    0x0800082c   Section        0  stm32f10x_exti.o(.text)
    .text                                    0x08000948   Section        0  stm32f10x_gpio.o(.text)
    .text                                    0x08000ca4   Section        0  stm32f10x_rcc.o(.text)
    .text                                    0x08001048   Section        0  stm32f10x_usart.o(.text)
    .text                                    0x08001450   Section        0  led.o(.text)
    .text                                    0x08001484   Section        0  jvtwb.o(.text)
    .text                                    0x08001804   Section        0  delay.o(.text)
    .text                                    0x080018d8   Section        0  usart.o(.text)
    .text                                    0x08001a20   Section        0  usb_core.o(.text)
    DataStageOut                             0x08001e5f   Thumb Code   166  usb_core.o(.text)
    DataStageIn                              0x08001f05   Thumb Code   166  usb_core.o(.text)
    NoData_Setup0                            0x08001fab   Thumb Code   290  usb_core.o(.text)
    Data_Setup0                              0x080020cd   Thumb Code   678  usb_core.o(.text)
    .text                                    0x08002570   Section        0  usb_init.o(.text)
    .text                                    0x080025ac   Section        0  usb_int.o(.text)
    .text                                    0x080028e8   Section        0  usb_mem.o(.text)
    .text                                    0x08002944   Section        0  usb_regs.o(.text)
    .text                                    0x0800314c   Section        0  usb_sil.o(.text)
    .text                                    0x080031cc   Section        0  hw_config.o(.text)
    IntToUnicode                             0x080032f5   Thumb Code    62  hw_config.o(.text)
    .text                                    0x080033a8   Section        0  usb_endp.o(.text)
    .text                                    0x080033f8   Section        0  usb_istr.o(.text)
    .text                                    0x080035c4   Section        0  usb_prop.o(.text)
    .text                                    0x080037fc   Section        0  usb_pwr.o(.text)
    .text                                    0x080039d4   Section        0  noretval__2printf.o(.text)
    .text                                    0x080039ec   Section        0  heapauxi.o(.text)
    .text                                    0x080039f4   Section        0  _printf_char_file.o(.text)
    .text                                    0x08003a18   Section        0  _printf_char_common.o(.text)
    _printf_input_char                       0x08003a19   Thumb Code    10  _printf_char_common.o(.text)
    .text                                    0x08003a48   Section        0  ferror.o(.text)
    .text                                    0x08003a50   Section       74  sys_stackheap_outer.o(.text)
    .text                                    0x08003a9a   Section        0  __printf_nopercent.o(.text)
    .text                                    0x08003ac2   Section        0  exit.o(.text)
    .text                                    0x08003ad4   Section        8  libspace.o(.text)
    .constdata                               0x08003adc   Section      132  usb_desc.o(.constdata)
    .data                                    0x20000000   Section        5  main.o(.data)
    .data                                    0x20000008   Section       20  system_stm32f10x.o(.data)
    .data                                    0x2000001c   Section       20  stm32f10x_rcc.o(.data)
    APBAHBPrescTable                         0x2000001c   Data          16  stm32f10x_rcc.o(.data)
    ADCPrescTable                            0x2000002c   Data           4  stm32f10x_rcc.o(.data)
    .data                                    0x20000030   Section        4  delay.o(.data)
    fac_us                                   0x20000030   Data           1  delay.o(.data)
    fac_ms                                   0x20000032   Data           2  delay.o(.data)
    .data                                    0x20000034   Section        6  usart.o(.data)
    .data                                    0x2000003a   Section        3  usb_core.o(.data)
    .data                                    0x20000040   Section       20  usb_init.o(.data)
    .data                                    0x20000054   Section        4  usb_int.o(.data)
    .data                                    0x20000058   Section       18  usb_desc.o(.data)
    .data                                    0x2000006a   Section       16  usb_endp.o(.data)
    .data                                    0x2000007c   Section       68  usb_istr.o(.data)
    .data                                    0x200000c0   Section      156  usb_prop.o(.data)
    .data                                    0x2000015c   Section       12  usb_pwr.o(.data)
    .bss                                     0x20000168   Section     4096  main.o(.bss)
    .bss                                     0x20001168   Section      200  usart.o(.bss)
    .bss                                     0x20001230   Section       28  usb_init.o(.bss)
    .bss                                     0x2000124c   Section       32  usb_pwr.o(.bss)
    .bss                                     0x2000126c   Section       96  libspace.o(.bss)
    HEAP                                     0x200012d0   Section      512  startup_stm32f10x_hd.o(HEAP)
    Heap_Mem                                 0x200012d0   Data         512  startup_stm32f10x_hd.o(HEAP)
    STACK                                    0x200014d0   Section     1024  startup_stm32f10x_hd.o(STACK)
    Stack_Mem                                0x200014d0   Data        1024  startup_stm32f10x_hd.o(STACK)
    __initial_sp                             0x200018d0   Data           0  startup_stm32f10x_hd.o(STACK)

    Global Symbols

    Symbol Name                              Value     Ov Type        Size  Object(Section)

    BuildAttributes$$THM_ISAv4$P$D$K$B$S$PE$A:L22UL41UL21$X:L11$S22US41US21$IEEE1$IW$USESV6$~STKCKD$USESV7$~SHL$OSPACE$ROPI$EBA8$UX$STANDARDLIB$REQ8$PRES8$EABIv2 0x00000000   Number         0  anon$$obj.o ABSOLUTE
    __ARM_use_no_argv                        0x00000000   Number         0  main.o ABSOLUTE
    __ARM_exceptions_init                     - Undefined Weak Reference
    __alloca_initialize                       - Undefined Weak Reference
    __arm_preinit_                            - Undefined Weak Reference
    __cpp_initialize__aeabi_                  - Undefined Weak Reference
    __cxa_finalize                            - Undefined Weak Reference
    __rt_locale                               - Undefined Weak Reference
    __sigvec_lookup                           - Undefined Weak Reference
    _atexit_init                              - Undefined Weak Reference
    _call_atexit_fns                          - Undefined Weak Reference
    _clock_init                               - Undefined Weak Reference
    _fp_trap_init                             - Undefined Weak Reference
    _fp_trap_shutdown                         - Undefined Weak Reference
    _get_lc_collate                           - Undefined Weak Reference
    _get_lc_ctype                             - Undefined Weak Reference
    _get_lc_monetary                          - Undefined Weak Reference
    _get_lc_numeric                           - Undefined Weak Reference
    _get_lc_time                              - Undefined Weak Reference
    _getenv_init                              - Undefined Weak Reference
    _handle_redirection                       - Undefined Weak Reference
    _init_alloc                               - Undefined Weak Reference
    _init_user_alloc                          - Undefined Weak Reference
    _initio                                   - Undefined Weak Reference
    _mutex_acquire                            - Undefined Weak Reference
    _mutex_release                            - Undefined Weak Reference
    _rand_init                                - Undefined Weak Reference
    _signal_finish                            - Undefined Weak Reference
    _signal_init                              - Undefined Weak Reference
    _terminate_alloc                          - Undefined Weak Reference
    _terminate_user_alloc                     - Undefined Weak Reference
    _terminateio                              - Undefined Weak Reference
    __Vectors_Size                           0x00000130   Number         0  startup_stm32f10x_hd.o ABSOLUTE
    __Vectors                                0x08000000   Data           4  startup_stm32f10x_hd.o(RESET)
    __Vectors_End                            0x08000130   Data           0  startup_stm32f10x_hd.o(RESET)
    __main                                   0x08000131   Thumb Code     8  __main.o(!!!main)
    __scatterload                            0x08000139   Thumb Code     0  __scatter.o(!!!scatter)
    __scatterload_rt2                        0x08000139   Thumb Code    44  __scatter.o(!!!scatter)
    __scatterload_rt2_thumb_only             0x08000139   Thumb Code     0  __scatter.o(!!!scatter)
    __scatterload_null                       0x08000147   Thumb Code     0  __scatter.o(!!!scatter)
    __decompress                             0x0800016d   Thumb Code    90  __dczerorl2.o(!!dczerorl2)
    __decompress1                            0x0800016d   Thumb Code     0  __dczerorl2.o(!!dczerorl2)
    __scatterload_zeroinit                   0x080001c9   Thumb Code    28  __scatter_zi.o(!!handler_zi)
    __rt_lib_init                            0x080001e5   Thumb Code     0  libinit.o(.ARM.Collect$$libinit$$00000000)
    __rt_lib_init_alloca_1                   0x080001e7   Thumb Code     0  libinit2.o(.ARM.Collect$$libinit$$0000002E)
    __rt_lib_init_argv_1                     0x080001e7   Thumb Code     0  libinit2.o(.ARM.Collect$$libinit$$0000002C)
    __rt_lib_init_atexit_1                   0x080001e7   Thumb Code     0  libinit2.o(.ARM.Collect$$libinit$$0000001B)
    __rt_lib_init_clock_1                    0x080001e7   Thumb Code     0  libinit2.o(.ARM.Collect$$libinit$$00000021)
    __rt_lib_init_cpp_1                      0x080001e7   Thumb Code     0  libinit2.o(.ARM.Collect$$libinit$$00000032)
    __rt_lib_init_exceptions_1               0x080001e7   Thumb Code     0  libinit2.o(.ARM.Collect$$libinit$$00000030)
    __rt_lib_init_fp_1                       0x080001e7   Thumb Code     0  libinit2.o(.ARM.Collect$$libinit$$00000002)
    __rt_lib_init_fp_trap_1                  0x080001e7   Thumb Code     0  libinit2.o(.ARM.Collect$$libinit$$0000001F)
    __rt_lib_init_getenv_1                   0x080001e7   Thumb Code     0  libinit2.o(.ARM.Collect$$libinit$$00000023)
    __rt_lib_init_heap_1                     0x080001e7   Thumb Code     0  libinit2.o(.ARM.Collect$$libinit$$0000000A)
    __rt_lib_init_lc_collate_1               0x080001e7   Thumb Code     0  libinit2.o(.ARM.Collect$$libinit$$00000011)
    __rt_lib_init_lc_ctype_1                 0x080001e7   Thumb Code     0  libinit2.o(.ARM.Collect$$libinit$$00000013)
    __rt_lib_init_lc_monetary_1              0x080001e7   Thumb Code     0  libinit2.o(.ARM.Collect$$libinit$$00000015)
    __rt_lib_init_lc_numeric_1               0x080001e7   Thumb Code     0  libinit2.o(.ARM.Collect$$libinit$$00000017)
    __rt_lib_init_lc_time_1                  0x080001e7   Thumb Code     0  libinit2.o(.ARM.Collect$$libinit$$00000019)
    __rt_lib_init_preinit_1                  0x080001e7   Thumb Code     0  libinit2.o(.ARM.Collect$$libinit$$00000004)
    __rt_lib_init_rand_1                     0x080001e7   Thumb Code     0  libinit2.o(.ARM.Collect$$libinit$$0000000E)
    __rt_lib_init_return                     0x080001e7   Thumb Code     0  libinit2.o(.ARM.Collect$$libinit$$00000033)
    __rt_lib_init_signal_1                   0x080001e7   Thumb Code     0  libinit2.o(.ARM.Collect$$libinit$$0000001D)
    __rt_lib_init_stdio_1                    0x080001e7   Thumb Code     0  libinit2.o(.ARM.Collect$$libinit$$00000025)
    __rt_lib_init_user_alloc_1               0x080001e7   Thumb Code     0  libinit2.o(.ARM.Collect$$libinit$$0000000C)
    __rt_lib_shutdown                        0x080001e9   Thumb Code     0  libshutdown.o(.ARM.Collect$$libshutdown$$00000000)
    __rt_lib_shutdown_cpp_1                  0x080001eb   Thumb Code     0  libshutdown2.o(.ARM.Collect$$libshutdown$$00000002)
    __rt_lib_shutdown_fp_trap_1              0x080001eb   Thumb Code     0  libshutdown2.o(.ARM.Collect$$libshutdown$$00000007)
    __rt_lib_shutdown_heap_1                 0x080001eb   Thumb Code     0  libshutdown2.o(.ARM.Collect$$libshutdown$$0000000F)
    __rt_lib_shutdown_return                 0x080001eb   Thumb Code     0  libshutdown2.o(.ARM.Collect$$libshutdown$$00000010)
    __rt_lib_shutdown_signal_1               0x080001eb   Thumb Code     0  libshutdown2.o(.ARM.Collect$$libshutdown$$0000000A)
    __rt_lib_shutdown_stdio_1                0x080001eb   Thumb Code     0  libshutdown2.o(.ARM.Collect$$libshutdown$$00000004)
    __rt_lib_shutdown_user_alloc_1           0x080001eb   Thumb Code     0  libshutdown2.o(.ARM.Collect$$libshutdown$$0000000C)
    __rt_entry                               0x080001ed   Thumb Code     0  __rtentry.o(.ARM.Collect$$rtentry$$00000000)
    __rt_entry_presh_1                       0x080001ed   Thumb Code     0  __rtentry2.o(.ARM.Collect$$rtentry$$00000002)
    __rt_entry_sh                            0x080001ed   Thumb Code     0  __rtentry4.o(.ARM.Collect$$rtentry$$00000004)
    __rt_entry_li                            0x080001f3   Thumb Code     0  __rtentry2.o(.ARM.Collect$$rtentry$$0000000A)
    __rt_entry_postsh_1                      0x080001f3   Thumb Code     0  __rtentry2.o(.ARM.Collect$$rtentry$$00000009)
    __rt_entry_main                          0x080001f7   Thumb Code     0  __rtentry2.o(.ARM.Collect$$rtentry$$0000000D)
    __rt_entry_postli_1                      0x080001f7   Thumb Code     0  __rtentry2.o(.ARM.Collect$$rtentry$$0000000C)
    __rt_exit                                0x080001ff   Thumb Code     0  rtexit.o(.ARM.Collect$$rtexit$$00000000)
    __rt_exit_ls                             0x08000201   Thumb Code     0  rtexit2.o(.ARM.Collect$$rtexit$$00000003)
    __rt_exit_prels_1                        0x08000201   Thumb Code     0  rtexit2.o(.ARM.Collect$$rtexit$$00000002)
    __rt_exit_exit                           0x08000205   Thumb Code     0  rtexit2.o(.ARM.Collect$$rtexit$$00000004)
    main                                     0x0800020d   Thumb Code   716  main.o(.text)
    NMI_Handler                              0x08000515   Thumb Code     2  stm32f10x_it.o(.text)
    HardFault_Handler                        0x08000517   Thumb Code     4  stm32f10x_it.o(.text)
    MemManage_Handler                        0x0800051b   Thumb Code     4  stm32f10x_it.o(.text)
    BusFault_Handler                         0x0800051f   Thumb Code     4  stm32f10x_it.o(.text)
    UsageFault_Handler                       0x08000523   Thumb Code     4  stm32f10x_it.o(.text)
    SVC_Handler                              0x08000527   Thumb Code     2  stm32f10x_it.o(.text)
    DebugMon_Handler                         0x08000529   Thumb Code     2  stm32f10x_it.o(.text)
    PendSV_Handler                           0x0800052b   Thumb Code     2  stm32f10x_it.o(.text)
    SysTick_Handler                          0x0800052d   Thumb Code     2  stm32f10x_it.o(.text)
    SystemInit                               0x0800060f   Thumb Code    78  system_stm32f10x.o(.text)
    SystemCoreClockUpdate                    0x0800065d   Thumb Code   142  system_stm32f10x.o(.text)
    Reset_Handler                            0x08000711   Thumb Code     8  startup_stm32f10x_hd.o(.text)
    ADC1_2_IRQHandler                        0x0800072b   Thumb Code     0  startup_stm32f10x_hd.o(.text)
    ADC3_IRQHandler                          0x0800072b   Thumb Code     0  startup_stm32f10x_hd.o(.text)
    CAN1_RX1_IRQHandler                      0x0800072b   Thumb Code     0  startup_stm32f10x_hd.o(.text)
    CAN1_SCE_IRQHandler                      0x0800072b   Thumb Code     0  startup_stm32f10x_hd.o(.text)
    DMA1_Channel1_IRQHandler                 0x0800072b   Thumb Code     0  startup_stm32f10x_hd.o(.text)
    DMA1_Channel2_IRQHandler                 0x0800072b   Thumb Code     0  startup_stm32f10x_hd.o(.text)
    DMA1_Channel3_IRQHandler                 0x0800072b   Thumb Code     0  startup_stm32f10x_hd.o(.text)
    DMA1_Channel4_IRQHandler                 0x0800072b   Thumb Code     0  startup_stm32f10x_hd.o(.text)
    DMA1_Channel5_IRQHandler                 0x0800072b   Thumb Code     0  startup_stm32f10x_hd.o(.text)
    DMA1_Channel6_IRQHandler                 0x0800072b   Thumb Code     0  startup_stm32f10x_hd.o(.text)
    DMA1_Channel7_IRQHandler                 0x0800072b   Thumb Code     0  startup_stm32f10x_hd.o(.text)
    DMA2_Channel1_IRQHandler                 0x0800072b   Thumb Code     0  startup_stm32f10x_hd.o(.text)
    DMA2_Channel2_IRQHandler                 0x0800072b   Thumb Code     0  startup_stm32f10x_hd.o(.text)
    DMA2_Channel3_IRQHandler                 0x0800072b   Thumb Code     0  startup_stm32f10x_hd.o(.text)
    DMA2_Channel4_5_IRQHandler               0x0800072b   Thumb Code     0  startup_stm32f10x_hd.o(.text)
    EXTI0_IRQHandler                         0x0800072b   Thumb Code     0  startup_stm32f10x_hd.o(.text)
    EXTI15_10_IRQHandler                     0x0800072b   Thumb Code     0  startup_stm32f10x_hd.o(.text)
    EXTI1_IRQHandler                         0x0800072b   Thumb Code     0  startup_stm32f10x_hd.o(.text)
    EXTI2_IRQHandler                         0x0800072b   Thumb Code     0  startup_stm32f10x_hd.o(.text)
    EXTI3_IRQHandler                         0x0800072b   Thumb Code     0  startup_stm32f10x_hd.o(.text)
    EXTI4_IRQHandler                         0x0800072b   Thumb Code     0  startup_stm32f10x_hd.o(.text)
    EXTI9_5_IRQHandler                       0x0800072b   Thumb Code     0  startup_stm32f10x_hd.o(.text)
    FLASH_IRQHandler                         0x0800072b   Thumb Code     0  startup_stm32f10x_hd.o(.text)
    FSMC_IRQHandler                          0x0800072b   Thumb Code     0  startup_stm32f10x_hd.o(.text)
    I2C1_ER_IRQHandler                       0x0800072b   Thumb Code     0  startup_stm32f10x_hd.o(.text)
    I2C1_EV_IRQHandler                       0x0800072b   Thumb Code     0  startup_stm32f10x_hd.o(.text)
    I2C2_ER_IRQHandler                       0x0800072b   Thumb Code     0  startup_stm32f10x_hd.o(.text)
    I2C2_EV_IRQHandler                       0x0800072b   Thumb Code     0  startup_stm32f10x_hd.o(.text)
    PVD_IRQHandler                           0x0800072b   Thumb Code     0  startup_stm32f10x_hd.o(.text)
    RCC_IRQHandler                           0x0800072b   Thumb Code     0  startup_stm32f10x_hd.o(.text)
    RTCAlarm_IRQHandler                      0x0800072b   Thumb Code     0  startup_stm32f10x_hd.o(.text)
    RTC_IRQHandler                           0x0800072b   Thumb Code     0  startup_stm32f10x_hd.o(.text)
    SDIO_IRQHandler                          0x0800072b   Thumb Code     0  startup_stm32f10x_hd.o(.text)
    SPI1_IRQHandler                          0x0800072b   Thumb Code     0  startup_stm32f10x_hd.o(.text)
    SPI2_IRQHandler                          0x0800072b   Thumb Code     0  startup_stm32f10x_hd.o(.text)
    SPI3_IRQHandler                          0x0800072b   Thumb Code     0  startup_stm32f10x_hd.o(.text)
    TAMPER_IRQHandler                        0x0800072b   Thumb Code     0  startup_stm32f10x_hd.o(.text)
    TIM1_BRK_IRQHandler                      0x0800072b   Thumb Code     0  startup_stm32f10x_hd.o(.text)
    TIM1_CC_IRQHandler                       0x0800072b   Thumb Code     0  startup_stm32f10x_hd.o(.text)
    TIM1_TRG_COM_IRQHandler                  0x0800072b   Thumb Code     0  startup_stm32f10x_hd.o(.text)
    TIM1_UP_IRQHandler                       0x0800072b   Thumb Code     0  startup_stm32f10x_hd.o(.text)
    TIM2_IRQHandler                          0x0800072b   Thumb Code     0  startup_stm32f10x_hd.o(.text)
    TIM3_IRQHandler                          0x0800072b   Thumb Code     0  startup_stm32f10x_hd.o(.text)
    TIM4_IRQHandler                          0x0800072b   Thumb Code     0  startup_stm32f10x_hd.o(.text)
    TIM5_IRQHandler                          0x0800072b   Thumb Code     0  startup_stm32f10x_hd.o(.text)
    TIM6_IRQHandler                          0x0800072b   Thumb Code     0  startup_stm32f10x_hd.o(.text)
    TIM7_IRQHandler                          0x0800072b   Thumb Code     0  startup_stm32f10x_hd.o(.text)
    TIM8_BRK_IRQHandler                      0x0800072b   Thumb Code     0  startup_stm32f10x_hd.o(.text)
    TIM8_CC_IRQHandler                       0x0800072b   Thumb Code     0  startup_stm32f10x_hd.o(.text)
    TIM8_TRG_COM_IRQHandler                  0x0800072b   Thumb Code     0  startup_stm32f10x_hd.o(.text)
    TIM8_UP_IRQHandler                       0x0800072b   Thumb Code     0  startup_stm32f10x_hd.o(.text)
    UART4_IRQHandler                         0x0800072b   Thumb Code     0  startup_stm32f10x_hd.o(.text)
    UART5_IRQHandler                         0x0800072b   Thumb Code     0  startup_stm32f10x_hd.o(.text)
    USART1_IRQHandler                        0x0800072b   Thumb Code     0  startup_stm32f10x_hd.o(.text)
    USART2_IRQHandler                        0x0800072b   Thumb Code     0  startup_stm32f10x_hd.o(.text)
    USB_HP_CAN1_TX_IRQHandler                0x0800072b   Thumb Code     0  startup_stm32f10x_hd.o(.text)
    WWDG_IRQHandler                          0x0800072b   Thumb Code     0  startup_stm32f10x_hd.o(.text)
    __user_initial_stackheap                 0x0800072d   Thumb Code     0  startup_stm32f10x_hd.o(.text)
    NVIC_PriorityGroupConfig                 0x08000751   Thumb Code    10  misc.o(.text)
    NVIC_Init                                0x0800075b   Thumb Code   100  misc.o(.text)
    NVIC_SetVectorTable                      0x080007bf   Thumb Code    14  misc.o(.text)
    NVIC_SystemLPConfig                      0x080007cd   Thumb Code    34  misc.o(.text)
    SysTick_CLKSourceConfig                  0x080007ef   Thumb Code    40  misc.o(.text)
    EXTI_DeInit                              0x0800082d   Thumb Code    28  stm32f10x_exti.o(.text)
    EXTI_Init                                0x08000849   Thumb Code   142  stm32f10x_exti.o(.text)
    EXTI_StructInit                          0x080008d7   Thumb Code    16  stm32f10x_exti.o(.text)
    EXTI_GenerateSWInterrupt                 0x080008e7   Thumb Code    16  stm32f10x_exti.o(.text)
    EXTI_GetFlagStatus                       0x080008f7   Thumb Code    22  stm32f10x_exti.o(.text)
    EXTI_ClearFlag                           0x0800090d   Thumb Code     8  stm32f10x_exti.o(.text)
    EXTI_GetITStatus                         0x08000915   Thumb Code    34  stm32f10x_exti.o(.text)
    EXTI_ClearITPendingBit                   0x08000937   Thumb Code     8  stm32f10x_exti.o(.text)
    GPIO_DeInit                              0x08000949   Thumb Code   172  stm32f10x_gpio.o(.text)
    GPIO_AFIODeInit                          0x080009f5   Thumb Code    20  stm32f10x_gpio.o(.text)
    GPIO_Init                                0x08000a09   Thumb Code   278  stm32f10x_gpio.o(.text)
    GPIO_StructInit                          0x08000b1f   Thumb Code    16  stm32f10x_gpio.o(.text)
    GPIO_ReadInputDataBit                    0x08000b2f   Thumb Code    18  stm32f10x_gpio.o(.text)
    GPIO_ReadInputData                       0x08000b41   Thumb Code     8  stm32f10x_gpio.o(.text)
    GPIO_ReadOutputDataBit                   0x08000b49   Thumb Code    18  stm32f10x_gpio.o(.text)
    GPIO_ReadOutputData                      0x08000b5b   Thumb Code     8  stm32f10x_gpio.o(.text)
    GPIO_SetBits                             0x08000b63   Thumb Code     4  stm32f10x_gpio.o(.text)
    GPIO_ResetBits                           0x08000b67   Thumb Code     4  stm32f10x_gpio.o(.text)
    GPIO_WriteBit                            0x08000b6b   Thumb Code    10  stm32f10x_gpio.o(.text)
    GPIO_Write                               0x08000b75   Thumb Code     4  stm32f10x_gpio.o(.text)
    GPIO_PinLockConfig                       0x08000b79   Thumb Code    18  stm32f10x_gpio.o(.text)
    GPIO_EventOutputConfig                   0x08000b8b   Thumb Code    26  stm32f10x_gpio.o(.text)
    GPIO_EventOutputCmd                      0x08000ba5   Thumb Code     6  stm32f10x_gpio.o(.text)
    GPIO_PinRemapConfig                      0x08000bab   Thumb Code   138  stm32f10x_gpio.o(.text)
    GPIO_EXTILineConfig                      0x08000c35   Thumb Code    66  stm32f10x_gpio.o(.text)
    GPIO_ETH_MediaInterfaceConfig            0x08000c77   Thumb Code     8  stm32f10x_gpio.o(.text)
    RCC_DeInit                               0x08000ca5   Thumb Code    64  stm32f10x_rcc.o(.text)
    RCC_HSEConfig                            0x08000ce5   Thumb Code    70  stm32f10x_rcc.o(.text)
    RCC_GetFlagStatus                        0x08000d2b   Thumb Code    56  stm32f10x_rcc.o(.text)
    RCC_WaitForHSEStartUp                    0x08000d63   Thumb Code    56  stm32f10x_rcc.o(.text)
    RCC_AdjustHSICalibrationValue            0x08000d9b   Thumb Code    20  stm32f10x_rcc.o(.text)
    RCC_HSICmd                               0x08000daf   Thumb Code     6  stm32f10x_rcc.o(.text)
    RCC_PLLConfig                            0x08000db5   Thumb Code    24  stm32f10x_rcc.o(.text)
    RCC_PLLCmd                               0x08000dcd   Thumb Code     6  stm32f10x_rcc.o(.text)
    RCC_SYSCLKConfig                         0x08000dd3   Thumb Code    18  stm32f10x_rcc.o(.text)
    RCC_GetSYSCLKSource                      0x08000de5   Thumb Code    10  stm32f10x_rcc.o(.text)
    RCC_HCLKConfig                           0x08000def   Thumb Code    18  stm32f10x_rcc.o(.text)
    RCC_PCLK1Config                          0x08000e01   Thumb Code    18  stm32f10x_rcc.o(.text)
    RCC_PCLK2Config                          0x08000e13   Thumb Code    20  stm32f10x_rcc.o(.text)
    RCC_ITConfig                             0x08000e27   Thumb Code    26  stm32f10x_rcc.o(.text)
    RCC_USBCLKConfig                         0x08000e41   Thumb Code     8  stm32f10x_rcc.o(.text)
    RCC_ADCCLKConfig                         0x08000e49   Thumb Code    18  stm32f10x_rcc.o(.text)
    RCC_LSEConfig                            0x08000e5b   Thumb Code    50  stm32f10x_rcc.o(.text)
    RCC_LSICmd                               0x08000e8d   Thumb Code     6  stm32f10x_rcc.o(.text)
    RCC_RTCCLKConfig                         0x08000e93   Thumb Code    12  stm32f10x_rcc.o(.text)
    RCC_RTCCLKCmd                            0x08000e9f   Thumb Code     8  stm32f10x_rcc.o(.text)
    RCC_GetClocksFreq                        0x08000ea7   Thumb Code   192  stm32f10x_rcc.o(.text)
    RCC_AHBPeriphClockCmd                    0x08000f67   Thumb Code    26  stm32f10x_rcc.o(.text)
    RCC_APB2PeriphClockCmd                   0x08000f81   Thumb Code    26  stm32f10x_rcc.o(.text)
    RCC_APB1PeriphClockCmd                   0x08000f9b   Thumb Code    26  stm32f10x_rcc.o(.text)
    RCC_APB2PeriphResetCmd                   0x08000fb5   Thumb Code    26  stm32f10x_rcc.o(.text)
    RCC_APB1PeriphResetCmd                   0x08000fcf   Thumb Code    26  stm32f10x_rcc.o(.text)
    RCC_BackupResetCmd                       0x08000fe9   Thumb Code     8  stm32f10x_rcc.o(.text)
    RCC_ClockSecuritySystemCmd               0x08000ff1   Thumb Code     6  stm32f10x_rcc.o(.text)
    RCC_MCOConfig                            0x08000ff7   Thumb Code     6  stm32f10x_rcc.o(.text)
    RCC_ClearFlag                            0x08000ffd   Thumb Code    14  stm32f10x_rcc.o(.text)
    RCC_GetITStatus                          0x0800100b   Thumb Code    20  stm32f10x_rcc.o(.text)
    RCC_ClearITPendingBit                    0x0800101f   Thumb Code     6  stm32f10x_rcc.o(.text)
    USART_DeInit                             0x08001049   Thumb Code   134  stm32f10x_usart.o(.text)
    USART_Init                               0x080010cf   Thumb Code   210  stm32f10x_usart.o(.text)
    USART_StructInit                         0x080011a1   Thumb Code    24  stm32f10x_usart.o(.text)
    USART_ClockInit                          0x080011b9   Thumb Code    34  stm32f10x_usart.o(.text)
    USART_ClockStructInit                    0x080011db   Thumb Code    12  stm32f10x_usart.o(.text)
    USART_Cmd                                0x080011e7   Thumb Code    24  stm32f10x_usart.o(.text)
    USART_ITConfig                           0x080011ff   Thumb Code    74  stm32f10x_usart.o(.text)
    USART_DMACmd                             0x08001249   Thumb Code    18  stm32f10x_usart.o(.text)
    USART_SetAddress                         0x0800125b   Thumb Code    18  stm32f10x_usart.o(.text)
    USART_WakeUpConfig                       0x0800126d   Thumb Code    18  stm32f10x_usart.o(.text)
    USART_ReceiverWakeUpCmd                  0x0800127f   Thumb Code    24  stm32f10x_usart.o(.text)
    USART_LINBreakDetectLengthConfig         0x08001297   Thumb Code    18  stm32f10x_usart.o(.text)
    USART_LINCmd                             0x080012a9   Thumb Code    24  stm32f10x_usart.o(.text)
    USART_SendData                           0x080012c1   Thumb Code     8  stm32f10x_usart.o(.text)
    USART_ReceiveData                        0x080012c9   Thumb Code    10  stm32f10x_usart.o(.text)
    USART_SendBreak                          0x080012d3   Thumb Code    10  stm32f10x_usart.o(.text)
    USART_SetGuardTime                       0x080012dd   Thumb Code    16  stm32f10x_usart.o(.text)
    USART_SetPrescaler                       0x080012ed   Thumb Code    16  stm32f10x_usart.o(.text)
    USART_SmartCardCmd                       0x080012fd   Thumb Code    24  stm32f10x_usart.o(.text)
    USART_SmartCardNACKCmd                   0x08001315   Thumb Code    24  stm32f10x_usart.o(.text)
    USART_HalfDuplexCmd                      0x0800132d   Thumb Code    24  stm32f10x_usart.o(.text)
    USART_OverSampling8Cmd                   0x08001345   Thumb Code    22  stm32f10x_usart.o(.text)
    USART_OneBitMethodCmd                    0x0800135b   Thumb Code    24  stm32f10x_usart.o(.text)
    USART_IrDAConfig                         0x08001373   Thumb Code    18  stm32f10x_usart.o(.text)
    USART_IrDACmd                            0x08001385   Thumb Code    24  stm32f10x_usart.o(.text)
    USART_GetFlagStatus                      0x0800139d   Thumb Code    26  stm32f10x_usart.o(.text)
    USART_ClearFlag                          0x080013b7   Thumb Code    18  stm32f10x_usart.o(.text)
    USART_GetITStatus                        0x080013c9   Thumb Code    84  stm32f10x_usart.o(.text)
    USART_ClearITPendingBit                  0x0800141d   Thumb Code    52  stm32f10x_usart.o(.text)
    LED_Init                                 0x08001451   Thumb Code    48  led.o(.text)
    ParaDataLine_OUT                         0x08001485   Thumb Code    50  jvtwb.o(.text)
    JVTWB_Init                               0x080014b7   Thumb Code   160  jvtwb.o(.text)
    ParaDataLine_IN                          0x08001557   Thumb Code    34  jvtwb.o(.text)
    JVTWB_SrialSetData                       0x08001579   Thumb Code   122  jvtwb.o(.text)
    JVTWB_ParallSetData                      0x080015f3   Thumb Code    14  jvtwb.o(.text)
    oneBusCycle                              0x08001601   Thumb Code   116  jvtwb.o(.text)
    ereaseSector                             0x08001675   Thumb Code    72  jvtwb.o(.text)
    WriteAdata                               0x080016bd   Thumb Code   198  jvtwb.o(.text)
    ReadAdata                                0x08001783   Thumb Code   104  jvtwb.o(.text)
    delay_init                               0x08001805   Thumb Code    50  delay.o(.text)
    delay_us                                 0x08001837   Thumb Code    72  delay.o(.text)
    delay_ms                                 0x0800187f   Thumb Code    72  delay.o(.text)
    _sys_exit                                0x080018d9   Thumb Code     6  usart.o(.text)
    fputc                                    0x080018df   Thumb Code    24  usart.o(.text)
    uart_init                                0x080018f7   Thumb Code   158  usart.o(.text)
    USART3_IRQHandler                        0x08001995   Thumb Code   122  usart.o(.text)
    Standard_GetConfiguration                0x08001a21   Thumb Code    34  usb_core.o(.text)
    Standard_SetConfiguration                0x08001a43   Thumb Code    60  usb_core.o(.text)
    Standard_GetInterface                    0x08001a7f   Thumb Code    34  usb_core.o(.text)
    Standard_SetInterface                    0x08001aa1   Thumb Code    96  usb_core.o(.text)
    Standard_GetStatus                       0x08001b01   Thumb Code   238  usb_core.o(.text)
    Standard_ClearFeature                    0x08001bef   Thumb Code   342  usb_core.o(.text)
    Standard_SetEndPointFeature              0x08001d45   Thumb Code   220  usb_core.o(.text)
    Standard_SetDeviceFeature                0x08001e21   Thumb Code    30  usb_core.o(.text)
    Standard_GetDescriptorData               0x08001e3f   Thumb Code    32  usb_core.o(.text)
    Post0_Process                            0x08002373   Thumb Code    54  usb_core.o(.text)
    Setup0_Process                           0x080023a9   Thumb Code   170  usb_core.o(.text)
    SetDeviceAddress                         0x08002453   Thumb Code    70  usb_core.o(.text)
    In0_Process                              0x08002499   Thumb Code    98  usb_core.o(.text)
    Out0_Process                             0x080024fb   Thumb Code    70  usb_core.o(.text)
    NOP_Process                              0x08002541   Thumb Code     2  usb_core.o(.text)
    USB_Init                                 0x08002571   Thumb Code    36  usb_init.o(.text)
    CTR_LP                                   0x080025ad   Thumb Code   616  usb_int.o(.text)
    CTR_HP                                   0x08002815   Thumb Code   178  usb_int.o(.text)
    UserToPMABufferCopy                      0x080028e9   Thumb Code    52  usb_mem.o(.text)
    PMAToUserBufferCopy                      0x0800291d   Thumb Code    34  usb_mem.o(.text)
    SetCNTR                                  0x08002945   Thumb Code     6  usb_regs.o(.text)
    GetCNTR                                  0x0800294b   Thumb Code     8  usb_regs.o(.text)
    SetISTR                                  0x08002953   Thumb Code     8  usb_regs.o(.text)
    GetISTR                                  0x0800295b   Thumb Code    10  usb_regs.o(.text)
    GetFNR                                   0x08002965   Thumb Code    10  usb_regs.o(.text)
    SetDADDR                                 0x0800296f   Thumb Code     8  usb_regs.o(.text)
    GetDADDR                                 0x08002977   Thumb Code    10  usb_regs.o(.text)
    SetBTABLE                                0x08002981   Thumb Code    14  usb_regs.o(.text)
    GetBTABLE                                0x0800298f   Thumb Code    10  usb_regs.o(.text)
    SetENDPOINT                              0x08002999   Thumb Code    12  usb_regs.o(.text)
    GetENDPOINT                              0x080029a5   Thumb Code    16  usb_regs.o(.text)
    SetEPType                                0x080029b5   Thumb Code    32  usb_regs.o(.text)
    GetEPType                                0x080029d5   Thumb Code    18  usb_regs.o(.text)
    SetEPTxStatus                            0x080029e7   Thumb Code    60  usb_regs.o(.text)
    SetEPRxStatus                            0x08002a23   Thumb Code    60  usb_regs.o(.text)
    SetDouBleBuffEPStall                     0x08002a5f   Thumb Code    54  usb_regs.o(.text)
    GetEPTxStatus                            0x08002a95   Thumb Code    18  usb_regs.o(.text)
    GetEPRxStatus                            0x08002aa7   Thumb Code    18  usb_regs.o(.text)
    SetEPTxValid                             0x08002ab9   Thumb Code    48  usb_regs.o(.text)
    SetEPRxValid                             0x08002ae9   Thumb Code    48  usb_regs.o(.text)
    SetEP_KIND                               0x08002b19   Thumb Code    38  usb_regs.o(.text)
    ClearEP_KIND                             0x08002b3f   Thumb Code    34  usb_regs.o(.text)
    Clear_Status_Out                         0x08002b61   Thumb Code    34  usb_regs.o(.text)
    Set_Status_Out                           0x08002b83   Thumb Code    38  usb_regs.o(.text)
    SetEPDoubleBuff                          0x08002ba9   Thumb Code    38  usb_regs.o(.text)
    ClearEPDoubleBuff                        0x08002bcf   Thumb Code    34  usb_regs.o(.text)
    GetTxStallStatus                         0x08002bf1   Thumb Code    28  usb_regs.o(.text)
    GetRxStallStatus                         0x08002c0d   Thumb Code    30  usb_regs.o(.text)
    ClearEP_CTR_RX                           0x08002c2b   Thumb Code    32  usb_regs.o(.text)
    ClearEP_CTR_TX                           0x08002c4b   Thumb Code    28  usb_regs.o(.text)
    ToggleDTOG_RX                            0x08002c67   Thumb Code    34  usb_regs.o(.text)
    ToggleDTOG_TX                            0x08002c89   Thumb Code    34  usb_regs.o(.text)
    ClearDTOG_RX                             0x08002cab   Thumb Code    48  usb_regs.o(.text)
    ClearDTOG_TX                             0x08002cdb   Thumb Code    48  usb_regs.o(.text)
    SetEPAddress                             0x08002d0b   Thumb Code    46  usb_regs.o(.text)
    GetEPAddress                             0x08002d39   Thumb Code    18  usb_regs.o(.text)
    SetEPTxAddr                              0x08002d4b   Thumb Code    24  usb_regs.o(.text)
    SetEPRxAddr                              0x08002d63   Thumb Code    26  usb_regs.o(.text)
    GetEPTxAddr                              0x08002d7d   Thumb Code    22  usb_regs.o(.text)
    GetEPRxAddr                              0x08002d93   Thumb Code    24  usb_regs.o(.text)
    SetEPTxCount                             0x08002dab   Thumb Code    20  usb_regs.o(.text)
    SetEPCountRxReg                          0x08002dbf   Thumb Code    48  usb_regs.o(.text)
    SetEPRxCount                             0x08002def   Thumb Code    68  usb_regs.o(.text)
    GetEPTxCount                             0x08002e33   Thumb Code    26  usb_regs.o(.text)
    GetEPRxCount                             0x08002e4d   Thumb Code    26  usb_regs.o(.text)
    SetEPDblBuffAddr                         0x08002e67   Thumb Code    44  usb_regs.o(.text)
    SetEPDblBuf0Addr                         0x08002e93   Thumb Code    24  usb_regs.o(.text)
    SetEPDblBuf1Addr                         0x08002eab   Thumb Code    26  usb_regs.o(.text)
    GetEPDblBuf0Addr                         0x08002ec5   Thumb Code    22  usb_regs.o(.text)
    GetEPDblBuf1Addr                         0x08002edb   Thumb Code    24  usb_regs.o(.text)
    SetEPDblBuffCount                        0x08002ef3   Thumb Code   186  usb_regs.o(.text)
    SetEPDblBuf0Count                        0x08002fad   Thumb Code    96  usb_regs.o(.text)
    SetEPDblBuf1Count                        0x0800300d   Thumb Code    96  usb_regs.o(.text)
    GetEPDblBuf0Count                        0x0800306d   Thumb Code    26  usb_regs.o(.text)
    GetEPDblBuf1Count                        0x08003087   Thumb Code    26  usb_regs.o(.text)
    GetEPDblBufDir                           0x080030a1   Thumb Code    62  usb_regs.o(.text)
    FreeUserBuffer                           0x080030df   Thumb Code    90  usb_regs.o(.text)
    ToWord                                   0x08003139   Thumb Code     8  usb_regs.o(.text)
    ByteSwap                                 0x08003141   Thumb Code    12  usb_regs.o(.text)
    USB_SIL_Init                             0x0800314d   Thumb Code    28  usb_sil.o(.text)
    USB_SIL_Write                            0x08003169   Thumb Code    46  usb_sil.o(.text)
    USB_SIL_Read                             0x08003197   Thumb Code    46  usb_sil.o(.text)
    USBWakeUp_IRQHandler                     0x080031cd   Thumb Code    12  hw_config.o(.text)
    USB_LP_CAN1_RX0_IRQHandler               0x080031d9   Thumb Code     8  hw_config.o(.text)
    Set_USBClock                             0x080031e1   Thumb Code    18  hw_config.o(.text)
    Enter_LowPowerMode                       0x080031f3   Thumb Code     8  hw_config.o(.text)
    Leave_LowPowerMode                       0x080031fb   Thumb Code    22  hw_config.o(.text)
    USB_Interrupts_Config                    0x08003211   Thumb Code    84  hw_config.o(.text)
    USB_Cable_Config                         0x08003265   Thumb Code    22  hw_config.o(.text)
    Relay_Send                               0x0800327b   Thumb Code    48  hw_config.o(.text)
    USB_Port_Set                             0x080032ab   Thumb Code    74  hw_config.o(.text)
    Get_SerialNum                            0x08003333   Thumb Code    42  hw_config.o(.text)
    EP1_OUT_Callback                         0x080033a9   Thumb Code    62  usb_endp.o(.text)
    EP2_IN_Callback                          0x080033e7   Thumb Code     2  usb_endp.o(.text)
    USB_Istr                                 0x080033f9   Thumb Code   422  usb_istr.o(.text)
    Relay_init                               0x080035c5   Thumb Code    30  usb_prop.o(.text)
    Relay_Reset                              0x080035e3   Thumb Code   176  usb_prop.o(.text)
    Relay_SetConfiguration                   0x08003693   Thumb Code    14  usb_prop.o(.text)
    Relay_SetDeviceAddress                   0x080036a1   Thumb Code     8  usb_prop.o(.text)
    Relay_Status_In                          0x080036a9   Thumb Code     2  usb_prop.o(.text)
    Relay_Status_Out                         0x080036ab   Thumb Code     2  usb_prop.o(.text)
    Relay_GetProtocolValue                   0x080036ad   Thumb Code    20  usb_prop.o(.text)
    Relay_GetHIDDescriptor                   0x080036c1   Thumb Code    14  usb_prop.o(.text)
    Relay_GetReportDescriptor                0x080036cf   Thumb Code    14  usb_prop.o(.text)
    Relay_Data_Setup                         0x080036dd   Thumb Code   114  usb_prop.o(.text)
    Relay_SetProtocol                        0x0800374f   Thumb Code    14  usb_prop.o(.text)
    Relay_NoData_Setup                       0x0800375d   Thumb Code    32  usb_prop.o(.text)
    Relay_GetDeviceDescriptor                0x0800377d   Thumb Code    14  usb_prop.o(.text)
    Relay_GetConfigDescriptor                0x0800378b   Thumb Code    14  usb_prop.o(.text)
    Relay_GetStringDescriptor                0x08003799   Thumb Code    32  usb_prop.o(.text)
    Relay_Get_Interface_Setting              0x080037b9   Thumb Code    22  usb_prop.o(.text)
    PowerOn                                  0x080037fd   Thumb Code    54  usb_pwr.o(.text)
    PowerOff                                 0x08003833   Thumb Code    28  usb_pwr.o(.text)
    Suspend                                  0x0800384f   Thumb Code   142  usb_pwr.o(.text)
    Resume_Init                              0x080038dd   Thumb Code    30  usb_pwr.o(.text)
    Resume                                   0x080038fb   Thumb Code   194  usb_pwr.o(.text)
    __2printf                                0x080039d5   Thumb Code    20  noretval__2printf.o(.text)
    __use_two_region_memory                  0x080039ed   Thumb Code     2  heapauxi.o(.text)
    __rt_heap_escrow$2region                 0x080039ef   Thumb Code     2  heapauxi.o(.text)
    __rt_heap_expand$2region                 0x080039f1   Thumb Code     2  heapauxi.o(.text)
    _printf_char_file                        0x080039f5   Thumb Code    32  _printf_char_file.o(.text)
    _printf_char_common                      0x08003a23   Thumb Code    32  _printf_char_common.o(.text)
    ferror                                   0x08003a49   Thumb Code     8  ferror.o(.text)
    __user_setup_stackheap                   0x08003a51   Thumb Code    74  sys_stackheap_outer.o(.text)
    __printf                                 0x08003a9b   Thumb Code    40  __printf_nopercent.o(.text)
    exit                                     0x08003ac3   Thumb Code    18  exit.o(.text)
    __user_libspace                          0x08003ad5   Thumb Code     8  libspace.o(.text)
    __user_perproc_libspace                  0x08003ad5   Thumb Code     0  libspace.o(.text)
    __user_perthread_libspace                0x08003ad5   Thumb Code     0  libspace.o(.text)
    Relay_DeviceDescriptor                   0x08003adc   Data          18  usb_desc.o(.constdata)
    Relay_ConfigDescriptor                   0x08003aee   Data          41  usb_desc.o(.constdata)
    Relay_ReportDescriptor                   0x08003b17   Data          27  usb_desc.o(.constdata)
    Relay_StringLangID                       0x08003b32   Data           4  usb_desc.o(.constdata)
    Relay_StringVendor                       0x08003b36   Data          18  usb_desc.o(.constdata)
    Relay_StringProduct                      0x08003b48   Data          24  usb_desc.o(.constdata)
    Region$$Table$$Base                      0x08003b60   Number         0  anon$$obj.o(Region$$Table)
    Region$$Table$$Limit                     0x08003b80   Number         0  anon$$obj.o(Region$$Table)
    DownloadDataidx                          0x20000000   Data           2  main.o(.data)
    DownloadAddr                             0x20000002   Data           2  main.o(.data)
    rec_data                                 0x20000004   Data           1  main.o(.data)
    SystemCoreClock                          0x20000008   Data           4  system_stm32f10x.o(.data)
    AHBPrescTable                            0x2000000c   Data          16  system_stm32f10x.o(.data)
    __stdout                                 0x20000034   Data           4  usart.o(.data)
    USART_RX_STA                             0x20000038   Data           2  usart.o(.data)
    StatusInfo                               0x2000003a   Data           2  usb_core.o(.data)
    Data_Mul_MaxPacketSize                   0x2000003c   Data           1  usb_core.o(.data)
    EPindex                                  0x20000040   Data           1  usb_init.o(.data)
    pInformation                             0x20000044   Data           4  usb_init.o(.data)
    pProperty                                0x20000048   Data           4  usb_init.o(.data)
    SaveState                                0x2000004c   Data           2  usb_init.o(.data)
    wInterrupt_Mask                          0x2000004e   Data           2  usb_init.o(.data)
    pUser_Standard_Requests                  0x20000050   Data           4  usb_init.o(.data)
    SaveRState                               0x20000054   Data           2  usb_int.o(.data)
    SaveTState                               0x20000056   Data           2  usb_int.o(.data)
    Relay_StringSerial                       0x20000058   Data          18  usb_desc.o(.data)
    HID_Buf                                  0x2000006a   Data           8  usb_endp.o(.data)
    temp                                     0x20000072   Data           8  usb_endp.o(.data)
    wIstr                                    0x2000007c   Data           2  usb_istr.o(.data)
    bIntPackSOF                              0x2000007e   Data           1  usb_istr.o(.data)
    esof_counter                             0x20000080   Data           4  usb_istr.o(.data)
    wCNTR                                    0x20000084   Data           4  usb_istr.o(.data)
    pEpInt_IN                                0x20000088   Data          28  usb_istr.o(.data)
    pEpInt_OUT                               0x200000a4   Data          28  usb_istr.o(.data)
    ProtocolValue                            0x200000c0   Data           4  usb_prop.o(.data)
    Device_Table                             0x200000c4   Data           2  usb_prop.o(.data)
    Device_Property                          0x200000c8   Data          48  usb_prop.o(.data)
    User_Standard_Requests                   0x200000f8   Data          36  usb_prop.o(.data)
    Device_Descriptor                        0x2000011c   Data           8  usb_prop.o(.data)
    Config_Descriptor                        0x20000124   Data           8  usb_prop.o(.data)
    Relay_Report_Descriptor                  0x2000012c   Data           8  usb_prop.o(.data)
    Mouse_Hid_Descriptor                     0x20000134   Data           8  usb_prop.o(.data)
    String_Descriptor                        0x2000013c   Data          32  usb_prop.o(.data)
    bDeviceState                             0x2000015c   Data           4  usb_pwr.o(.data)
    fSuspendEnabled                          0x20000160   Data           1  usb_pwr.o(.data)
    ResumeS                                  0x20000161   Data           2  usb_pwr.o(.data)
    remotewakeupon                           0x20000164   Data           4  usb_pwr.o(.data)
    DownloadData                             0x20000168   Data        4096  main.o(.bss)
    USART_RX_BUF                             0x20001168   Data         200  usart.o(.bss)
    Device_Info                              0x20001230   Data          28  usb_init.o(.bss)
    EP                                       0x2000124c   Data          32  usb_pwr.o(.bss)
    __libspace_start                         0x2000126c   Data          96  libspace.o(.bss)
    __temporary_stack_top$libspace           0x200012cc   Data           0  libspace.o(.bss)



==============================================================================

Memory Map of the image

  Image Entry point : 0x08000131

  Load Region LR_IROM1 (Base: 0x08000000, Size: 0x00003ce8, Max: 0x00040000, ABSOLUTE, COMPRESSED[0x00003c20])

    Execution Region ER_IROM1 (Base: 0x08000000, Size: 0x00003b80, Max: 0x00040000, ABSOLUTE)

    Base Addr    Size         Type   Attr      Idx    E Section Name        Object

    0x08000000   0x00000130   Data   RO          237    RESET               startup_stm32f10x_hd.o
    0x08000130   0x00000008   Code   RO          828  * !!!main             c_w.l(__main.o)
    0x08000138   0x00000034   Code   RO          995    !!!scatter          c_w.l(__scatter.o)
    0x0800016c   0x0000005a   Code   RO          993    !!dczerorl2         c_w.l(__dczerorl2.o)
    0x080001c6   0x00000002   PAD
    0x080001c8   0x0000001c   Code   RO          997    !!handler_zi        c_w.l(__scatter_zi.o)
    0x080001e4   0x00000002   Code   RO          865    .ARM.Collect$$libinit$$00000000  c_w.l(libinit.o)
    0x080001e6   0x00000000   Code   RO          872    .ARM.Collect$$libinit$$00000002  c_w.l(libinit2.o)
    0x080001e6   0x00000000   Code   RO          874    .ARM.Collect$$libinit$$00000004  c_w.l(libinit2.o)
    0x080001e6   0x00000000   Code   RO          877    .ARM.Collect$$libinit$$0000000A  c_w.l(libinit2.o)
    0x080001e6   0x00000000   Code   RO          879    .ARM.Collect$$libinit$$0000000C  c_w.l(libinit2.o)
    0x080001e6   0x00000000   Code   RO          881    .ARM.Collect$$libinit$$0000000E  c_w.l(libinit2.o)
    0x080001e6   0x00000000   Code   RO          884    .ARM.Collect$$libinit$$00000011  c_w.l(libinit2.o)
    0x080001e6   0x00000000   Code   RO          886    .ARM.Collect$$libinit$$00000013  c_w.l(libinit2.o)
    0x080001e6   0x00000000   Code   RO          888    .ARM.Collect$$libinit$$00000015  c_w.l(libinit2.o)
    0x080001e6   0x00000000   Code   RO          890    .ARM.Collect$$libinit$$00000017  c_w.l(libinit2.o)
    0x080001e6   0x00000000   Code   RO          892    .ARM.Collect$$libinit$$00000019  c_w.l(libinit2.o)
    0x080001e6   0x00000000   Code   RO          894    .ARM.Collect$$libinit$$0000001B  c_w.l(libinit2.o)
    0x080001e6   0x00000000   Code   RO          896    .ARM.Collect$$libinit$$0000001D  c_w.l(libinit2.o)
    0x080001e6   0x00000000   Code   RO          898    .ARM.Collect$$libinit$$0000001F  c_w.l(libinit2.o)
    0x080001e6   0x00000000   Code   RO          900    .ARM.Collect$$libinit$$00000021  c_w.l(libinit2.o)
    0x080001e6   0x00000000   Code   RO          902    .ARM.Collect$$libinit$$00000023  c_w.l(libinit2.o)
    0x080001e6   0x00000000   Code   RO          904    .ARM.Collect$$libinit$$00000025  c_w.l(libinit2.o)
    0x080001e6   0x00000000   Code   RO          908    .ARM.Collect$$libinit$$0000002C  c_w.l(libinit2.o)
    0x080001e6   0x00000000   Code   RO          910    .ARM.Collect$$libinit$$0000002E  c_w.l(libinit2.o)
    0x080001e6   0x00000000   Code   RO          912    .ARM.Collect$$libinit$$00000030  c_w.l(libinit2.o)
    0x080001e6   0x00000000   Code   RO          914    .ARM.Collect$$libinit$$00000032  c_w.l(libinit2.o)
    0x080001e6   0x00000002   Code   RO          915    .ARM.Collect$$libinit$$00000033  c_w.l(libinit2.o)
    0x080001e8   0x00000002   Code   RO          933    .ARM.Collect$$libshutdown$$00000000  c_w.l(libshutdown.o)
    0x080001ea   0x00000000   Code   RO          943    .ARM.Collect$$libshutdown$$00000002  c_w.l(libshutdown2.o)
    0x080001ea   0x00000000   Code   RO          945    .ARM.Collect$$libshutdown$$00000004  c_w.l(libshutdown2.o)
    0x080001ea   0x00000000   Code   RO          948    .ARM.Collect$$libshutdown$$00000007  c_w.l(libshutdown2.o)
    0x080001ea   0x00000000   Code   RO          951    .ARM.Collect$$libshutdown$$0000000A  c_w.l(libshutdown2.o)
    0x080001ea   0x00000000   Code   RO          953    .ARM.Collect$$libshutdown$$0000000C  c_w.l(libshutdown2.o)
    0x080001ea   0x00000000   Code   RO          956    .ARM.Collect$$libshutdown$$0000000F  c_w.l(libshutdown2.o)
    0x080001ea   0x00000002   Code   RO          957    .ARM.Collect$$libshutdown$$00000010  c_w.l(libshutdown2.o)
    0x080001ec   0x00000000   Code   RO          830    .ARM.Collect$$rtentry$$00000000  c_w.l(__rtentry.o)
    0x080001ec   0x00000000   Code   RO          834    .ARM.Collect$$rtentry$$00000002  c_w.l(__rtentry2.o)
    0x080001ec   0x00000006   Code   RO          846    .ARM.Collect$$rtentry$$00000004  c_w.l(__rtentry4.o)
    0x080001f2   0x00000000   Code   RO          836    .ARM.Collect$$rtentry$$00000009  c_w.l(__rtentry2.o)
    0x080001f2   0x00000004   Code   RO          837    .ARM.Collect$$rtentry$$0000000A  c_w.l(__rtentry2.o)
    0x080001f6   0x00000000   Code   RO          839    .ARM.Collect$$rtentry$$0000000C  c_w.l(__rtentry2.o)
    0x080001f6   0x00000008   Code   RO          840    .ARM.Collect$$rtentry$$0000000D  c_w.l(__rtentry2.o)
    0x080001fe   0x00000002   Code   RO          869    .ARM.Collect$$rtexit$$00000000  c_w.l(rtexit.o)
    0x08000200   0x00000000   Code   RO          917    .ARM.Collect$$rtexit$$00000002  c_w.l(rtexit2.o)
    0x08000200   0x00000004   Code   RO          918    .ARM.Collect$$rtexit$$00000003  c_w.l(rtexit2.o)
    0x08000204   0x00000006   Code   RO          919    .ARM.Collect$$rtexit$$00000004  c_w.l(rtexit2.o)
    0x0800020a   0x00000002   PAD
    0x0800020c   0x00000308   Code   RO            1    .text               main.o
    0x08000514   0x0000001a   Code   RO          165    .text               stm32f10x_it.o
    0x0800052e   0x00000002   PAD
    0x08000530   0x000001e0   Code   RO          206    .text               system_stm32f10x.o
    0x08000710   0x00000040   Code   RO          238    .text               startup_stm32f10x_hd.o
    0x08000750   0x000000dc   Code   RO          242    .text               misc.o
    0x0800082c   0x0000011c   Code   RO          350    .text               stm32f10x_exti.o
    0x08000948   0x0000035c   Code   RO          386    .text               stm32f10x_gpio.o
    0x08000ca4   0x000003a4   Code   RO          434    .text               stm32f10x_rcc.o
    0x08001048   0x00000408   Code   RO          496    .text               stm32f10x_usart.o
    0x08001450   0x00000034   Code   RO          520    .text               led.o
    0x08001484   0x00000380   Code   RO          532    .text               jvtwb.o
    0x08001804   0x000000d4   Code   RO          548    .text               delay.o
    0x080018d8   0x00000148   Code   RO          578    .text               usart.o
    0x08001a20   0x00000b50   Code   RO          601    .text               usb_core.o
    0x08002570   0x0000003c   Code   RO          619    .text               usb_init.o
    0x080025ac   0x0000033c   Code   RO          642    .text               usb_int.o
    0x080028e8   0x0000005c   Code   RO          666    .text               usb_mem.o
    0x08002944   0x00000808   Code   RO          678    .text               usb_regs.o
    0x0800314c   0x00000080   Code   RO          690    .text               usb_sil.o
    0x080031cc   0x000001dc   Code   RO          702    .text               hw_config.o
    0x080033a8   0x00000050   Code   RO          741    .text               usb_endp.o
    0x080033f8   0x000001cc   Code   RO          757    .text               usb_istr.o
    0x080035c4   0x00000238   Code   RO          778    .text               usb_prop.o
    0x080037fc   0x000001d8   Code   RO          801    .text               usb_pwr.o
    0x080039d4   0x00000018   Code   RO          824    .text               c_w.l(noretval__2printf.o)
    0x080039ec   0x00000006   Code   RO          826    .text               c_w.l(heapauxi.o)
    0x080039f2   0x00000002   PAD
    0x080039f4   0x00000024   Code   RO          831    .text               c_w.l(_printf_char_file.o)
    0x08003a18   0x00000030   Code   RO          848    .text               c_w.l(_printf_char_common.o)
    0x08003a48   0x00000008   Code   RO          850    .text               c_w.l(ferror.o)
    0x08003a50   0x0000004a   Code   RO          854    .text               c_w.l(sys_stackheap_outer.o)
    0x08003a9a   0x00000028   Code   RO          856    .text               c_w.l(__printf_nopercent.o)
    0x08003ac2   0x00000012   Code   RO          858    .text               c_w.l(exit.o)
    0x08003ad4   0x00000008   Code   RO          866    .text               c_w.l(libspace.o)
    0x08003adc   0x00000084   Data   RO          728    .constdata          usb_desc.o
    0x08003b60   0x00000020   Data   RO          991    Region$$Table       anon$$obj.o


    Execution Region RW_IRAM1 (Base: 0x20000000, Size: 0x000018d0, Max: 0x0000c000, ABSOLUTE, COMPRESSED[0x000000a0])

    Base Addr    Size         Type   Attr      Idx    E Section Name        Object

    0x20000000   0x00000005   Data   RW            3    .data               main.o
    0x20000005   0x00000003   PAD
    0x20000008   0x00000014   Data   RW          207    .data               system_stm32f10x.o
    0x2000001c   0x00000014   Data   RW          435    .data               stm32f10x_rcc.o
    0x20000030   0x00000004   Data   RW          549    .data               delay.o
    0x20000034   0x00000006   Data   RW          580    .data               usart.o
    0x2000003a   0x00000003   Data   RW          602    .data               usb_core.o
    0x2000003d   0x00000003   PAD
    0x20000040   0x00000014   Data   RW          621    .data               usb_init.o
    0x20000054   0x00000004   Data   RW          643    .data               usb_int.o
    0x20000058   0x00000012   Data   RW          729    .data               usb_desc.o
    0x2000006a   0x00000010   Data   RW          742    .data               usb_endp.o
    0x2000007a   0x00000002   PAD
    0x2000007c   0x00000044   Data   RW          758    .data               usb_istr.o
    0x200000c0   0x0000009c   Data   RW          779    .data               usb_prop.o
    0x2000015c   0x0000000c   Data   RW          803    .data               usb_pwr.o
    0x20000168   0x00001000   Zero   RW            2    .bss                main.o
    0x20001168   0x000000c8   Zero   RW          579    .bss                usart.o
    0x20001230   0x0000001c   Zero   RW          620    .bss                usb_init.o
    0x2000124c   0x00000020   Zero   RW          802    .bss                usb_pwr.o
    0x2000126c   0x00000060   Zero   RW          867    .bss                c_w.l(libspace.o)
    0x200012cc   0x00000004   PAD
    0x200012d0   0x00000200   Zero   RW          236    HEAP                startup_stm32f10x_hd.o
    0x200014d0   0x00000400   Zero   RW          235    STACK               startup_stm32f10x_hd.o


==============================================================================

Image component sizes


      Code (inc. data)   RO Data    RW Data    ZI Data      Debug   Object Name

         0          0          0          0          0         32   core_cm3.o
       212         18          0          4          0       1131   delay.o
       476         76          0          0          0       3182   hw_config.o
       896         26          0          0          0       2571   jvtwb.o
        52          4          0          0          0        523   led.o
       776         60          0          5       4096     248486   main.o
       220         22          0          0          0       1889   misc.o
        64         26        304          0       1536        816   startup_stm32f10x_hd.o
       284         10          0          0          0       2343   stm32f10x_exti.o
       860         38          0          0          0       5821   stm32f10x_gpio.o
        26          0          0          0          0       1222   stm32f10x_it.o
       932         36          0         20          0       9040   stm32f10x_rcc.o
      1032         22          0          0          0       8544   stm32f10x_usart.o
       480         38          0         20          0       1871   system_stm32f10x.o
       328         18          0          6        200       3306   usart.o
      2896        114          0          3          0       8787   usb_core.o
         0          0        132         18          0       1108   usb_desc.o
        80         16          0         16          0       1569   usb_endp.o
        60         24          0         20         28       4354   usb_init.o
       828         34          0          4          0       2099   usb_int.o
       460         38          0         68          0       1743   usb_istr.o
        92          6          0          0          0       1542   usb_mem.o
       568         46          0        156          0       7743   usb_prop.o
       472         32          0         12         32       2951   usb_pwr.o
      2056         20          0          0          0      12121   usb_regs.o
       128          8          0          0          0       1606   usb_sil.o

    ----------------------------------------------------------------------
     14280        732        468        360       5892     336400   Object Totals
         0          0         32          0          0          0   (incl. Generated)
         2          0          0          8          0          0   (incl. Padding)

    ----------------------------------------------------------------------

      Code (inc. data)   RO Data    RW Data    ZI Data      Debug   Library Member Name

        90          0          0          0          0          0   __dczerorl2.o
         8          0          0          0          0         68   __main.o
        40          0          0          0          0         84   __printf_nopercent.o
         0          0          0          0          0          0   __rtentry.o
        12          0          0          0          0          0   __rtentry2.o
         6          0          0          0          0          0   __rtentry4.o
        52          8          0          0          0          0   __scatter.o
        28          0          0          0          0          0   __scatter_zi.o
        48          6          0          0          0         96   _printf_char_common.o
        36          4          0          0          0         80   _printf_char_file.o
        18          0          0          0          0         80   exit.o
         8          0          0          0          0         68   ferror.o
         6          0          0          0          0        152   heapauxi.o
         2          0          0          0          0          0   libinit.o
         2          0          0          0          0          0   libinit2.o
         2          0          0          0          0          0   libshutdown.o
         2          0          0          0          0          0   libshutdown2.o
         8          4          0          0         96         68   libspace.o
        24          4          0          0          0         84   noretval__2printf.o
         2          0          0          0          0          0   rtexit.o
        10          0          0          0          0          0   rtexit2.o
        74          0          0          0          0         80   sys_stackheap_outer.o

    ----------------------------------------------------------------------
       484         26          0          0        100        860   Library Totals
         6          0          0          0          4          0   (incl. Padding)

    ----------------------------------------------------------------------

      Code (inc. data)   RO Data    RW Data    ZI Data      Debug   Library Name

       478         26          0          0         96        860   c_w.l

    ----------------------------------------------------------------------
       484         26          0          0        100        860   Library Totals

    ----------------------------------------------------------------------

==============================================================================


      Code (inc. data)   RO Data    RW Data    ZI Data      Debug   

     14764        758        468        360       5992     334864   Grand Totals
     14764        758        468        160       5992     334864   ELF Image Totals (compressed)
     14764        758        468        160          0          0   ROM Totals

==============================================================================

    Total RO  Size (Code + RO Data)                15232 (  14.88kB)
    Total RW  Size (RW Data + ZI Data)              6352 (   6.20kB)
    Total ROM Size (Code + RO Data + RW Data)      15392 (  15.03kB)

==============================================================================

